Archive member included because of file (symbol)

contiki-sky.a(rimeaddr.o)     obj_sky/contiki-sky-main.o (rimeaddr_copy)
contiki-sky.a(nullrdc.o)      obj_sky/contiki-sky-main.o (nullrdc_driver)
contiki-sky.a(mac.o)          contiki-sky.a(nullrdc.o) (mac_call_sent_callback)
contiki-sky.a(framer-802154.o)
                              contiki-sky.a(nullrdc.o) (framer_802154)
contiki-sky.a(csma.o)         obj_sky/contiki-sky-main.o (csma_driver)
contiki-sky.a(process.o)      obj_sky/contiki-sky-main.o (process_init)
contiki-sky.a(autostart.o)    obj_sky/contiki-sky-main.o (autostart_start)
contiki-sky.a(memb.o)         contiki-sky.a(csma.o) (memb_init)
contiki-sky.a(timer.o)        obj_sky/contiki-sky-main.o (timer_set)
contiki-sky.a(list.o)         contiki-sky.a(csma.o) (list_init)
contiki-sky.a(etimer.o)       obj_sky/contiki-sky-main.o (etimer_process)
contiki-sky.a(ctimer.o)       obj_sky/contiki-sky-main.o (ctimer_init)
contiki-sky.a(energest.o)     obj_sky/contiki-sky-main.o (energest_init)
contiki-sky.a(rtimer.o)       obj_sky/contiki-sky-main.o (rtimer_init)
contiki-sky.a(random.o)       obj_sky/contiki-sky-main.o (random_init)
contiki-sky.a(packetbuf.o)    contiki-sky.a(framer-802154.o) (packetbuf_hdrreduce)
contiki-sky.a(queuebuf.o)     obj_sky/contiki-sky-main.o (queuebuf_init)
contiki-sky.a(sicslowpan.o)   obj_sky/contiki-sky-main.o (sicslowpan_driver)
contiki-sky.a(tcpip.o)        contiki-sky.a(sicslowpan.o) (tcpip_set_outputfunc)
contiki-sky.a(uip-ds6-route.o)
                              contiki-sky.a(tcpip.o) (uip_ds6_route_nexthop)
contiki-sky.a(uip-ds6-nbr.o)  contiki-sky.a(tcpip.o) (uip_ds6_nbr_add)
contiki-sky.a(uip-ds6.o)      contiki-sky.a(tcpip.o) (uip_ds6_is_addr_onlink)
contiki-sky.a(uip-nd6.o)      contiki-sky.a(tcpip.o) (uip_nd6_ns_output)
contiki-sky.a(uip6.o)         contiki-sky.a(sicslowpan.o) (uip_aligned_buf)
contiki-sky.a(er-coap-13.o)   smart-thermostat-server.co (coap_init_message)
contiki-sky.a(er-coap-13-engi)
                              smart-thermostat-server.co (coap_rest_implementation)
contiki-sky.a(er-coap-13-tran)
                              contiki-sky.a(er-coap-13-engi) (coap_register_as_transaction_handler)
contiki-sky.a(er-coap-13-obse)
                              contiki-sky.a(er-coap-13-tran) (coap_remove_observer_by_client)
contiki-sky.a(erbium.o)       smart-thermostat-server.co (rest_init_engine)
contiki-sky.a(contiki-sky-pla)
                              obj_sky/contiki-sky-main.o (init_platform)
contiki-sky.a(sht11-sensor.o)
                              smart-thermostat-server.co (sht11_sensor)
contiki-sky.a(button-sensor.o)
                              contiki-sky.a(contiki-sky-pla) (button_sensor)
contiki-sky.a(ds2411.o)       obj_sky/contiki-sky-main.o (ds2411_init)
contiki-sky.a(xmem.o)         obj_sky/contiki-sky-main.o (xmem_init)
contiki-sky.a(node-id.o)      obj_sky/contiki-sky-main.o (node_id_restore)
contiki-sky.a(sensors.o)      contiki-sky.a(button-sensor.o) (sensors_changed)
contiki-sky.a(cc2420.o)       obj_sky/contiki-sky-main.o (cc2420_set_channel)
contiki-sky.a(cc2420-arch.o)  contiki-sky.a(cc2420.o) (cc2420_arch_init)
contiki-sky.a(uart1.o)        obj_sky/contiki-sky-main.o (uart1_active)
contiki-sky.a(uart1-putchar.o)
                              obj_sky/contiki-sky-main.o (putchar)
contiki-sky.a(msp430.o)       contiki-sky.a(uart1.o) (msp430_add_lpm_req)
contiki-sky.a(clock.o)        contiki-sky.a(timer.o) (clock_time)
contiki-sky.a(leds.o)         obj_sky/contiki-sky-main.o (leds_init)
contiki-sky.a(leds-arch.o)    contiki-sky.a(leds.o) (leds_arch_init)
contiki-sky.a(watchdog.o)     obj_sky/contiki-sky-main.o (watchdog_start)
contiki-sky.a(rtimer-arch.o)  contiki-sky.a(rtimer.o) (rtimer_arch_init)
contiki-sky.a(frame802154.o)  contiki-sky.a(framer-802154.o) (frame802154_hdrlen)
contiki-sky.a(rpl.o)          contiki-sky.a(uip-ds6-nbr.o) (rpl_link_neighbor_callback)
contiki-sky.a(rpl-dag.o)      contiki-sky.a(rpl.o) (rpl_dag_init)
contiki-sky.a(rpl-icmp6.o)    contiki-sky.a(rpl.o) (dao_output_target)
contiki-sky.a(rpl-timers.o)   contiki-sky.a(rpl.o) (rpl_reset_periodic_timer)
contiki-sky.a(rpl-mrhof.o)    contiki-sky.a(rpl-dag.o) (rpl_mrhof)
contiki-sky.a(rpl-ext-header.)
                              contiki-sky.a(uip6.o) (rpl_verify_header)
contiki-sky.a(stimer.o)       contiki-sky.a(tcpip.o) (stimer_set)
contiki-sky.a(nbr-table.o)    contiki-sky.a(uip-ds6-route.o) (nbr_table_register)
contiki-sky.a(uip-icmp6.o)    contiki-sky.a(uip6.o) (uip_icmp6_echo_request_input)
contiki-sky.a(uip-udp-packet.)
                              contiki-sky.a(er-coap-13.o) (uip_udp_packet_send)
contiki-sky.a(sht11.o)        contiki-sky.a(sht11-sensor.o) (sht11_init)
contiki-sky.a(spi.o)          contiki-sky.a(xmem.o) (spi_init)
/usr/lib/gcc/msp430/4.6.3/mmpy-16/libgcc.a(_mulsi3.o)
                              contiki-sky.a(csma.o) (__mulsi3)
/usr/lib/gcc/msp430/4.6.3/mmpy-16/libgcc.a(_udivmod16.o)
[...]
Memory Configuration

Name             Origin             Length             Attributes
sfr              0x00000000         0x00000010
peripheral_8bit  0x00000010         0x000000f0
peripheral_16bit 0x00000100         0x00000100
ram_mirror       0x00000200         0x00000800         xw
infomem          0x00001000         0x00000100
infob            0x00001000         0x00000080
infoa            0x00001080         0x00000080
ram              0x00001100         0x00002800         xw
rom              0x00004000         0x0000bfe0         xr
vectors          0x0000ffe0         0x00000020
bsl              0x00000000         0x00000000
infoc            0x00000000         0x00000000
infod            0x00000000         0x00000000
ram2             0x00000000         0x00000000         xw
usbram           0x00000000         0x00000000         xw
far_rom          0x00000000         0x00000000
*default*        0x00000000         0xffffffff

Linker script and memory map

LOAD /usr/lib/gcc/msp430/4.6.3/mmpy-16/crt0ivtbl16.o
LOAD smart-thermostat-server.co
LOAD obj_sky/contiki-sky-main.o
LOAD contiki-sky.a
LOAD /usr/lib/gcc/msp430/4.6.3/mmpy-16/libgcc.a
LOAD /usr/lib/gcc/msp430/4.6.3/../../../../msp430/lib/mmpy-16/libc.a
LOAD /usr/lib/gcc/msp430/4.6.3/mmpy-16/libgcc.a
LOAD /usr/lib/gcc/msp430/4.6.3/mmpy-16/libcrt0.a
                0x00000080                PROVIDE (__info_segment_size, 0x80)
                0x00001000                PROVIDE (__infob, 0x1000)
                0x00001080                PROVIDE (__infoa, 0x1080)
                0x00000000                __IE1 = 0x0
                0x00000002                __IFG1 = 0x2
                0x00000004                __ME1 = 0x4
                0x00000001                __IE2 = 0x1
                0x00000003                __IFG2 = 0x3
                0x00000005                __ME2 = 0x5
                0x00000120                __WDTCTL = 0x120
                0x00000130                __MPY = 0x130
                0x00000132                __MPYS = 0x132
                0x00000134                __MAC = 0x134
                0x00000136                __MACS = 0x136
                0x00000138                __OP2 = 0x138
                0x0000013a                __RESLO = 0x13a
                0x0000013c                __RESHI = 0x13c
                0x0000013e                __SUMEXT = 0x13e
                0x00000020                __P1IN = 0x20
                0x00000021                __P1OUT = 0x21
                0x00000022                __P1DIR = 0x22
                0x00000023                __P1IFG = 0x23
                0x00000024                __P1IES = 0x24
                0x00000025                __P1IE = 0x25
                0x00000026                __P1SEL = 0x26
                0x00000028                __P2IN = 0x28
                0x00000029                __P2OUT = 0x29
                0x0000002a                __P2DIR = 0x2a
                0x0000002b                __P2IFG = 0x2b
                0x0000002c                __P2IES = 0x2c
                0x0000002d                __P2IE = 0x2d
                0x0000002e                __P2SEL = 0x2e
                0x00000018                __P3IN = 0x18
                0x00000019                __P3OUT = 0x19
                0x0000001a                __P3DIR = 0x1a
                0x0000001b                __P3SEL = 0x1b
                0x0000001c                __P4IN = 0x1c
                0x0000001d                __P4OUT = 0x1d
                0x0000001e                __P4DIR = 0x1e
                0x0000001f                __P4SEL = 0x1f
                0x00000030                __P5IN = 0x30
                0x00000031                __P5OUT = 0x31
                0x00000032                __P5DIR = 0x32
                0x00000033                __P5SEL = 0x33
                0x00000034                __P6IN = 0x34
                0x00000035                __P6OUT = 0x35
                0x00000036                __P6DIR = 0x36
                0x00000037                __P6SEL = 0x37
                0x00000070                __U0CTL = 0x70
                0x00000071                __U0TCTL = 0x71
                0x00000072                __U0RCTL = 0x72
                0x00000073                __U0MCTL = 0x73
                0x00000074                __U0BR0 = 0x74
                0x00000075                __U0BR1 = 0x75
                0x00000076                __U0RXBUF = 0x76
                0x00000077                __U0TXBUF = 0x77
                0x00000078                __U1CTL = 0x78
                0x00000079                __U1TCTL = 0x79
                0x0000007a                __U1RCTL = 0x7a
                0x0000007b                __U1MCTL = 0x7b
                0x0000007c                __U1BR0 = 0x7c
                0x0000007d                __U1BR1 = 0x7d
                0x0000007e                __U1RXBUF = 0x7e
                0x0000007f                __U1TXBUF = 0x7f
                0x00000050                __I2CIE = 0x50
                0x00000051                __I2CIFG = 0x51
                0x00000052                __I2CNDAT = 0x52
                0x00000071                __I2CTCTL = 0x71
                0x00000072                __I2CDCTL = 0x72
                0x00000073                __I2CPSC = 0x73
                0x00000074                __I2CSCLH = 0x74
                0x00000075                __I2CSCLL = 0x75
                0x00000076                __I2CDRB = 0x76
                0x00000076                __I2CDRW = 0x76
                0x00000118                __I2COA = 0x118
                0x0000011a                __I2CSA = 0x11a
                0x0000011c                __I2CIV = 0x11c
                0x0000012e                __TAIV = 0x12e
                0x00000160                __TACTL = 0x160
                0x00000162                __TACCTL0 = 0x162
                0x00000164                __TACCTL1 = 0x164
                0x00000166                __TACCTL2 = 0x166
                0x00000170                __TAR = 0x170
                0x00000172                __TACCR0 = 0x172
                0x00000174                __TACCR1 = 0x174
                0x00000176                __TACCR2 = 0x176
                0x0000011e                __TBIV = 0x11e
                0x00000180                __TBCTL = 0x180
                0x00000182                __TBCCTL0 = 0x182
                0x00000184                __TBCCTL1 = 0x184
                0x00000186                __TBCCTL2 = 0x186
                0x00000188                __TBCCTL3 = 0x188
                0x0000018a                __TBCCTL4 = 0x18a
                0x0000018c                __TBCCTL5 = 0x18c
                0x0000018e                __TBCCTL6 = 0x18e
                0x00000190                __TBR = 0x190
                0x00000192                __TBCCR0 = 0x192
                0x00000194                __TBCCR1 = 0x194
                0x00000196                __TBCCR2 = 0x196
                0x00000198                __TBCCR3 = 0x198
                0x0000019a                __TBCCR4 = 0x19a
                0x0000019c                __TBCCR5 = 0x19c
                0x0000019e                __TBCCR6 = 0x19e
                0x00000056                __DCOCTL = 0x56
                0x00000057                __BCSCTL1 = 0x57
                0x00000058                __BCSCTL2 = 0x58
                0x00000055                __SVSCTL = 0x55
                0x00000128                __FCTL1 = 0x128
                0x0000012a                __FCTL2 = 0x12a
                0x0000012c                __FCTL3 = 0x12c
                0x00000059                __CACTL1 = 0x59
                0x0000005a                __CACTL2 = 0x5a
                0x0000005b                __CAPD = 0x5b
                0x000001a0                __ADC12CTL0 = 0x1a0
                0x000001a2                __ADC12CTL1 = 0x1a2
                0x000001a4                __ADC12IFG = 0x1a4
                0x000001a6                __ADC12IE = 0x1a6
                0x000001a8                __ADC12IV = 0x1a8
                0x00000140                __ADC12MEM0 = 0x140
                0x00000142                __ADC12MEM1 = 0x142
                0x00000144                __ADC12MEM2 = 0x144
                0x00000146                __ADC12MEM3 = 0x146
                0x00000148                __ADC12MEM4 = 0x148
                0x0000014a                __ADC12MEM5 = 0x14a
                0x0000014c                __ADC12MEM6 = 0x14c
                0x0000014e                __ADC12MEM7 = 0x14e
                0x00000150                __ADC12MEM8 = 0x150
                0x00000152                __ADC12MEM9 = 0x152
                0x00000154                __ADC12MEM10 = 0x154
                0x00000156                __ADC12MEM11 = 0x156
                0x00000158                __ADC12MEM12 = 0x158
                0x0000015a                __ADC12MEM13 = 0x15a
                0x0000015c                __ADC12MEM14 = 0x15c
                0x0000015e                __ADC12MEM15 = 0x15e
                0x00000080                __ADC12MCTL0 = 0x80
                0x00000081                __ADC12MCTL1 = 0x81
                0x00000082                __ADC12MCTL2 = 0x82
                0x00000083                __ADC12MCTL3 = 0x83
                0x00000084                __ADC12MCTL4 = 0x84
                0x00000085                __ADC12MCTL5 = 0x85
                0x00000086                __ADC12MCTL6 = 0x86
                0x00000087                __ADC12MCTL7 = 0x87
                0x00000088                __ADC12MCTL8 = 0x88
                0x00000089                __ADC12MCTL9 = 0x89
                0x0000008a                __ADC12MCTL10 = 0x8a
                0x0000008b                __ADC12MCTL11 = 0x8b
                0x0000008c                __ADC12MCTL12 = 0x8c
                0x0000008d                __ADC12MCTL13 = 0x8d
                0x0000008e                __ADC12MCTL14 = 0x8e
                0x0000008f                __ADC12MCTL15 = 0x8f
                0x000001c0                __DAC12_0CTL = 0x1c0
                0x000001c2                __DAC12_1CTL = 0x1c2
                0x000001c8                __DAC12_0DAT = 0x1c8
                0x000001ca                __DAC12_1DAT = 0x1ca
                0x00000122                __DMACTL0 = 0x122
                0x00000124                __DMACTL1 = 0x124
                0x000001e0                __DMA0CTL = 0x1e0
                0x000001e8                __DMA1CTL = 0x1e8
                0x000001f0                __DMA2CTL = 0x1f0
                0x000001e2                __DMA0SA = 0x1e2
                0x000001e4                __DMA0DA = 0x1e4
                0x000001e6                __DMA0SZ = 0x1e6
                0x000001ea                __DMA1SA = 0x1ea
                0x000001ec                __DMA1DA = 0x1ec
                0x000001ee                __DMA1SZ = 0x1ee
                0x000001f2                __DMA2SA = 0x1f2
                0x000001f4                __DMA2DA = 0x1f4
                0x000001f6                __DMA2SZ = 0x1f6

.hash
 *(.hash)

.dynsym
 *(.dynsym)

.dynstr
 *(.dynstr)

.gnu.version
 *(.gnu.version)

.gnu.version_d
 *(.gnu.version_d)

.gnu.version_r
 *(.gnu.version_r)

.rel.init
 *(.rel.init)

.rela.init
 *(.rela.init)

.rel.fini
 *(.rel.fini)

.rela.fini
 *(.rela.fini)

.rel.text
 *(.rel.text .rel.text.* .rel.gnu.linkonce.t.*)

.rela.text
 *(.rela.text .rela.text.* .rela.gnu.linkonce.t.*)

.rel.rodata
 *(.rel.rodata .rel.rodata.* .rel.gnu.linkonce.r.*)

.rela.rodata
 *(.rela.rodata .rela.rodata.* .rela.gnu.linkonce.r.*)

.rel.data
 *(.rel.data .rel.data.* .rel.gnu.linkonce.d.*)

.rela.data
 *(.rela.data .rela.data.* .rela.gnu.linkonce.d.*)

.rel.bss
 *(.rel.bss .rel.bss.* .rel.gnu.linkonce.b.*)

.rela.bss
 *(.rela.bss .rela.bss.* .rela.gnu.linkonce.b.*)

.rel.ctors
 *(.rel.ctors)

.rela.ctors
 *(.rela.ctors)

.rel.dtors
 *(.rel.dtors)

.rela.dtors
 *(.rela.dtors)

.rel.got
 *(.rel.got)

.rela.got
 *(.rela.got)

.rel.plt
 *(.rel.plt)

.rela.plt
 *(.rela.plt)

.text           0x00004000     0xb8e2
                0x00004000                . = ALIGN (0x2)
 *(.init .init.*)
 *(.init0)
 .init0         0x00004000        0x0 /usr/lib/gcc/msp430/4.6.3/mmpy-16/libcrt0.a(_reset_vector__.o)
                0x00004000                _reset_vector__
 *(.init1)
 .init1         0x00004000        0xc /usr/lib/gcc/msp430/4.6.3/mmpy-16/libcrt0.a(__watchdog_support.o)
                0x00004000                __watchdog_support
 *(.init2)
 .init2         0x0000400c        0x4 /usr/lib/gcc/msp430/4.6.3/mmpy-16/libcrt0.a(__init_stack.o)
                0x0000400c                __init_stack
 *(.init3)
 .init3         0x00004010        0x0 /usr/lib/gcc/msp430/4.6.3/mmpy-16/libcrt0.a(__low_level_init.o)
                0x00004010                __low_level_init
 *(.init4)
 .init4         0x00004010       0x18 /usr/lib/gcc/msp430/4.6.3/mmpy-16/libcrt0.a(_copy_data.o)
                0x00004010                __do_copy_data
 .init4         0x00004028       0x16 /usr/lib/gcc/msp430/4.6.3/mmpy-16/libcrt0.a(_clear_bss.o)
                0x00004028                __do_clear_bss
 *(.init5)
 *(.init6)
 *(.init7)
 *(.init8)
 *(.init9)
 .init9         0x0000403e      0x364 obj_sky/contiki-sky-main.o
                0x0000403e                main
 *(.fini9)
 .fini9         0x000043a2        0x0 /usr/lib/gcc/msp430/4.6.3/mmpy-16/libcrt0.a(__stop_progExec__.o)
                0x000043a2                __stop_progExec__
 *(.fini8)
 *(.fini7)
 *(.fini6)
 *(.fini5)
 *(.fini4)
 *(.fini3)
 *(.fini2)
 *(.fini1)
 *(.fini0)
 .fini0         0x000043a2        0x6 /usr/lib/gcc/msp430/4.6.3/mmpy-16/libcrt0.a(_endless_loop__.o)
                0x000043a2                _endless_loop__
 *(.fini .fini.*)
                0x000043a8                . = ALIGN (0x2)
                0x000043a8                __ctors_start = .
 *(.ctors)
                0x000043a8                __ctors_end = .
                0x000043a8                __dtors_start = .
 *(.dtors)
                0x000043a8                __dtors_end = .
                0x000043a8                . = ALIGN (0x2)
 *(.text .text.* .gnu.linkonce.t.*)
 .text          0x000043a8        0x4 /usr/lib/gcc/msp430/4.6.3/mmpy-16/crt0ivtbl16.o
                0x000043a8                __isr_14
                0x000043a8                __isr_11
                0x000043a8                __isr_2
                0x000043a8                __isr_7
                0x000043a8                __isr_0
                0x000043a8                __isr_8
                0x000043a8                __isr_3
                0x000043a8                __isr_12
                0x000043a8                __isr_13
                0x000043a8                __isr_9
 .text.process_thread_rest_server_example
                0x000043ac       0x52 smart-thermostat-server.co
 .text.leds_handler
                0x000043fe       0xc4 smart-thermostat-server.co
                0x000043fe                leds_handler
 .text.tempup_periodic_handler
                0x000044c2       0x58 smart-thermostat-server.co
                0x000044c2                tempup_periodic_handler
 .text.tempup_handler
                0x0000451a       0x4e smart-thermostat-server.co
                0x0000451a                tempup_handler
 .text.temperature_handler
                0x00004568       0x62 smart-thermostat-server.co
                0x00004568                temperature_handler
 .text.rimeaddr_copy
                0x000045ca        0x8 contiki-sky.a(rimeaddr.o)
                0x000045ca                rimeaddr_copy
 .text.rimeaddr_cmp
                0x000045d2       0x12 contiki-sky.a(rimeaddr.o)
                0x000045d2                rimeaddr_cmp
 .text.rimeaddr_set_node_addr
                0x000045e4        0xc contiki-sky.a(rimeaddr.o)
                0x000045e4                rimeaddr_set_node_addr
 .text.on       0x000045f0        0x6 contiki-sky.a(nullrdc.o)
 .text.channel_check_interval
                0x000045f6        0x4 contiki-sky.a(nullrdc.o)
 .text.init     0x000045fa        0x6 contiki-sky.a(nullrdc.o)
 .text.send_one_packet
                0x00004600       0x6a contiki-sky.a(nullrdc.o)
 .text.send_list
                0x0000466a       0x30 contiki-sky.a(nullrdc.o)
 .text.send_packet
                0x0000469a        0x6 contiki-sky.a(nullrdc.o)
 .text.off      0x000046a0       0x10 contiki-sky.a(nullrdc.o)
 .text.packet_input
                0x000046b0       0x36 contiki-sky.a(nullrdc.o)
 .text.mac_call_sent_callback
                0x000046e6       0x14 contiki-sky.a(mac.o)
                0x000046e6                mac_call_sent_callback
 .text.parse    0x000046fa       0xaa contiki-sky.a(framer-802154.o)
 .text.create   0x000047a4      0x10e contiki-sky.a(framer-802154.o)
 .text.input_packet
                0x000048b2        0x6 contiki-sky.a(csma.o)
 .text.on       0x000048b8        0x6 contiki-sky.a(csma.o)
 .text.off      0x000048be        0x6 contiki-sky.a(csma.o)
 .text.channel_check_interval
                0x000048c4       0x10 contiki-sky.a(csma.o)
 .text.transmit_packet_list
                0x000048d4       0x24 contiki-sky.a(csma.o)
 .text.send_packet
                0x000048f8      0x164 contiki-sky.a(csma.o)
 .text.init     0x00004a5c       0x1a contiki-sky.a(csma.o)
 .text.free_packet
                0x00004a76       0x9c contiki-sky.a(csma.o)
 .text.packet_sent
                0x00004b12      0x130 contiki-sky.a(csma.o)
 .text.call_process
                0x00004c42       0x4a contiki-sky.a(process.o)
 .text.exit_process
                0x00004c8c       0x96 contiki-sky.a(process.o)
 .text.do_poll  0x00004d22       0x30 contiki-sky.a(process.o)
 .text.process_alloc_event
                0x00004d52        0xe contiki-sky.a(process.o)
                0x00004d52                process_alloc_event
 .text.process_init
                0x00004d60       0x1c contiki-sky.a(process.o)
                0x00004d60                process_init
 .text.process_run
                0x00004d7c       0xa2 contiki-sky.a(process.o)
                0x00004d7c                process_run
 .text.process_nevents
                0x00004e1e        0xe contiki-sky.a(process.o)
                0x00004e1e                process_nevents
 .text.process_post
                0x00004e2c       0x54 contiki-sky.a(process.o)
                0x00004e2c                process_post
 .text.process_post_synch
                0x00004e80       0x12 contiki-sky.a(process.o)
                0x00004e80                process_post_synch
 .text.process_start
                0x00004e92       0x32 contiki-sky.a(process.o)
                0x00004e92                process_start
 .text.process_poll
                0x00004ec4       0x18 contiki-sky.a(process.o)
                0x00004ec4                process_poll
 .text.autostart_start
                0x00004edc       0x16 contiki-sky.a(autostart.o)
                0x00004edc                autostart_start
 .text.memb_init
                0x00004ef2       0x36 contiki-sky.a(memb.o)
                0x00004ef2                memb_init
 .text.memb_alloc
                0x00004f28       0x3e contiki-sky.a(memb.o)
                0x00004f28                memb_alloc
 .text.memb_free
                0x00004f66       0x3a contiki-sky.a(memb.o)
                0x00004f66                memb_free
 .text.memb_inmemb
                0x00004fa0       0x2e contiki-sky.a(memb.o)
                0x00004fa0                memb_inmemb
 .text.timer_set
                0x00004fce       0x1c contiki-sky.a(timer.o)
                0x00004fce                timer_set
 .text.timer_reset
                0x00004fea        0xe contiki-sky.a(timer.o)
                0x00004fea                timer_reset
 .text.timer_restart
                0x00004ff8       0x14 contiki-sky.a(timer.o)
                0x00004ff8                timer_restart
 .text.timer_expired
                0x0000500c       0x2a contiki-sky.a(timer.o)
                0x0000500c                timer_expired
 .text.list_init
                0x00005036        0x6 contiki-sky.a(list.o)
                0x00005036                list_init
 .text.list_head
                0x0000503c        0x4 contiki-sky.a(list.o)
                0x0000503c                list_head
 .text.list_tail
                0x00005040       0x12 contiki-sky.a(list.o)
                0x00005040                list_tail
 .text.list_remove
                0x00005052       0x34 contiki-sky.a(list.o)
                0x00005052                list_remove
 .text.list_push
                0x00005086       0x1a contiki-sky.a(list.o)
                0x00005086                list_push
 .text.list_add
                0x000050a0       0x2a contiki-sky.a(list.o)
                0x000050a0                list_add
 .text.list_length
                0x000050ca       0x10 contiki-sky.a(list.o)
                0x000050ca                list_length
 .text.list_item_next
                0x000050da        0xc contiki-sky.a(list.o)
                0x000050da                list_item_next
 .text.update_time
                0x000050e6       0x78 contiki-sky.a(etimer.o)
 .text.etimer_request_poll
                0x0000515e        0xa contiki-sky.a(etimer.o)
                0x0000515e                etimer_request_poll
 .text.process_thread_etimer_process
                0x00005168       0xc8 contiki-sky.a(etimer.o)
 .text.add_timer
                0x00005230       0x40 contiki-sky.a(etimer.o)
 .text.etimer_set
                0x00005270       0x12 contiki-sky.a(etimer.o)
                0x00005270                etimer_set
 .text.etimer_reset
                0x00005282       0x12 contiki-sky.a(etimer.o)
                0x00005282                etimer_reset
 .text.etimer_restart
                0x00005294       0x12 contiki-sky.a(etimer.o)
                0x00005294                etimer_restart
 .text.etimer_expired
                0x000052a6        0xe contiki-sky.a(etimer.o)
                0x000052a6                etimer_expired
 .text.etimer_expiration_time
                0x000052b4       0x14 contiki-sky.a(etimer.o)
                0x000052b4                etimer_expiration_time
 .text.etimer_pending
                0x000052c8        0xc contiki-sky.a(etimer.o)
                0x000052c8                etimer_pending
 .text.etimer_next_expiration_time
                0x000052d4       0x16 contiki-sky.a(etimer.o)
                0x000052d4                etimer_next_expiration_time
 .text.etimer_stop
                0x000052ea       0x3c contiki-sky.a(etimer.o)
                0x000052ea                etimer_stop
 .text.process_thread_ctimer_process
                0x00005326       0xa4 contiki-sky.a(ctimer.o)
 .text.ctimer_init
                0x000053ca       0x18 contiki-sky.a(ctimer.o)
                0x000053ca                ctimer_init
 .text.ctimer_set
                0x000053e2       0x5a contiki-sky.a(ctimer.o)
                0x000053e2                ctimer_set
 .text.ctimer_reset
                0x0000543c       0x3a contiki-sky.a(ctimer.o)
                0x0000543c                ctimer_reset
 .text.ctimer_stop
                0x00005476       0x28 contiki-sky.a(ctimer.o)
                0x00005476                ctimer_stop
 .text.energest_init
                0x0000549e       0x28 contiki-sky.a(energest.o)
                0x0000549e                energest_init
 .text.energest_type_time
                0x000054c6       0x46 contiki-sky.a(energest.o)
                0x000054c6                energest_type_time
 .text.energest_type_set
                0x0000550c        0xe contiki-sky.a(energest.o)
                0x0000550c                energest_type_set
 .text.energest_flush
                0x0000551a       0x48 contiki-sky.a(energest.o)
                0x0000551a                energest_flush
 .text.rtimer_init
                0x00005562        0x6 contiki-sky.a(rtimer.o)
                0x00005562                rtimer_init
 .text.rtimer_run_next
                0x00005568       0x26 contiki-sky.a(rtimer.o)
                0x00005568                rtimer_run_next
 .text.random_init
                0x0000558e        0x6 contiki-sky.a(random.o)
                0x0000558e                random_init
 .text.random_rand
                0x00005594        0x6 contiki-sky.a(random.o)
                0x00005594                random_rand
 .text.packetbuf_copyto_hdr
                0x0000559a       0x1c contiki-sky.a(packetbuf.o)
                0x0000559a                packetbuf_copyto_hdr
 .text.packetbuf_copyto
                0x000055b6       0x52 contiki-sky.a(packetbuf.o)
                0x000055b6                packetbuf_copyto
 .text.packetbuf_hdrreduce
                0x00005608       0x1a contiki-sky.a(packetbuf.o)
                0x00005608                packetbuf_hdrreduce
 .text.packetbuf_set_datalen
                0x00005622        0x6 contiki-sky.a(packetbuf.o)
                0x00005622                packetbuf_set_datalen
 .text.packetbuf_dataptr
                0x00005628        0xe contiki-sky.a(packetbuf.o)
                0x00005628                packetbuf_dataptr
 .text.packetbuf_hdrptr
                0x00005636        0xa contiki-sky.a(packetbuf.o)
                0x00005636                packetbuf_hdrptr
 .text.packetbuf_is_reference
                0x00005640        0xe contiki-sky.a(packetbuf.o)
                0x00005640                packetbuf_is_reference
 .text.packetbuf_reference_ptr
                0x0000564e        0x6 contiki-sky.a(packetbuf.o)
                0x0000564e                packetbuf_reference_ptr
 .text.packetbuf_datalen
                0x00005654        0x6 contiki-sky.a(packetbuf.o)
                0x00005654                packetbuf_datalen
 .text.packetbuf_totlen
                0x0000565a       0x10 contiki-sky.a(packetbuf.o)
                0x0000565a                packetbuf_totlen
 .text.packetbuf_hdralloc
                0x0000566a       0x2e contiki-sky.a(packetbuf.o)
                0x0000566a                packetbuf_hdralloc
 .text.packetbuf_attr_clear
                0x00005698       0x30 contiki-sky.a(packetbuf.o)
                0x00005698                packetbuf_attr_clear
 .text.packetbuf_clear
                0x000056c8       0x1a contiki-sky.a(packetbuf.o)
                0x000056c8                packetbuf_clear
 .text.packetbuf_copyfrom
                0x000056e2       0x2e contiki-sky.a(packetbuf.o)
                0x000056e2                packetbuf_copyfrom
 .text.packetbuf_attr_copyto
                0x00005710       0x22 contiki-sky.a(packetbuf.o)
                0x00005710                packetbuf_attr_copyto
 .text.packetbuf_attr_copyfrom
                0x00005732       0x24 contiki-sky.a(packetbuf.o)
                0x00005732                packetbuf_attr_copyfrom
 .text.queuebuf_init
                0x00005756       0x1a contiki-sky.a(queuebuf.o)
                0x00005756                queuebuf_init
 .text.queuebuf_new_from_packetbuf
                0x00005770       0x7e contiki-sky.a(queuebuf.o)
                0x00005770                queuebuf_new_from_packetbuf
 .text.queuebuf_update_attr_from_packetbuf
                0x000057ee       0x12 contiki-sky.a(queuebuf.o)
                0x000057ee                queuebuf_update_attr_from_packetbuf
 .text.queuebuf_free
                0x00005800       0x40 contiki-sky.a(queuebuf.o)
                0x00005800                queuebuf_free
 .text.queuebuf_to_packetbuf
                0x00005840       0x6e contiki-sky.a(queuebuf.o)
                0x00005840                queuebuf_to_packetbuf
 .text.queuebuf_attr
                0x000058ae        0xe contiki-sky.a(queuebuf.o)
                0x000058ae                queuebuf_attr
 .text.set_packet_attrs
                0x000058bc       0x44 contiki-sky.a(sicslowpan.o)
 .text.addr_context_lookup_by_number
                0x00005900       0x36 contiki-sky.a(sicslowpan.o)
 .text.compress_addr_64
                0x00005936       0xae contiki-sky.a(sicslowpan.o)
 .text.uncompress_addr
                0x000059e4       0xb4 contiki-sky.a(sicslowpan.o)
 .text.input    0x00005a98      0x642 contiki-sky.a(sicslowpan.o)
 .text.sicslowpan_init
                0x000060da       0x26 contiki-sky.a(sicslowpan.o)
                0x000060da                sicslowpan_init
 .text.addr_context_lookup_by_prefix
                0x00006100       0x4c contiki-sky.a(sicslowpan.o)
 .text.send_packet
                0x0000614c       0x1a contiki-sky.a(sicslowpan.o)
 .text.output   0x00006166      0x700 contiki-sky.a(sicslowpan.o)
 .text.packet_sent
                0x00006866       0x22 contiki-sky.a(sicslowpan.o)
 .text.tcpip_output
                0x00006888       0x10 contiki-sky.a(tcpip.o)
                0x00006888                tcpip_output
 .text.tcpip_set_outputfunc
                0x00006898        0x6 contiki-sky.a(tcpip.o)
                0x00006898                tcpip_set_outputfunc
 .text.udp_new  0x0000689e       0x1a contiki-sky.a(tcpip.o)
                0x0000689e                udp_new
 .text.tcpip_input
                0x000068b8       0x16 contiki-sky.a(tcpip.o)
                0x000068b8                tcpip_input
 .text.tcpip_ipv6_output
                0x000068ce      0x148 contiki-sky.a(tcpip.o)
                0x000068ce                tcpip_ipv6_output
 .text.process_thread_tcpip_process
                0x00006a16       0xd0 contiki-sky.a(tcpip.o)
 .text.tcpip_uipcall
                0x00006ae6       0x2a contiki-sky.a(tcpip.o)
                0x00006ae6                tcpip_uipcall
 .text.call_route_callback
                0x00006b10       0x4c contiki-sky.a(uip-ds6-route.o)
 .text.uip_ds6_route_init
                0x00006b5c       0x2e contiki-sky.a(uip-ds6-route.o)
                0x00006b5c                uip_ds6_route_init
 .text.uip_ds6_route_nexthop
                0x00006b8a       0x1a contiki-sky.a(uip-ds6-route.o)
                0x00006b8a                uip_ds6_route_nexthop
 .text.uip_ds6_route_head
                0x00006ba4       0x28 contiki-sky.a(uip-ds6-route.o)
                0x00006ba4                uip_ds6_route_head
 .text.uip_ds6_route_next
                0x00006bcc       0x3a contiki-sky.a(uip-ds6-route.o)
                0x00006bcc                uip_ds6_route_next
 .text.uip_ds6_route_lookup
                0x00006c06       0x5e contiki-sky.a(uip-ds6-route.o)
                0x00006c06                uip_ds6_route_lookup
 .text.uip_ds6_route_add
                0x00006c64       0xb4 contiki-sky.a(uip-ds6-route.o)
                0x00006c64                uip_ds6_route_add
 .text.uip_ds6_route_rm
                0x00006d18       0x60 contiki-sky.a(uip-ds6-route.o)
                0x00006d18                uip_ds6_route_rm
 .text.rm_routelist
                0x00006d78       0x30 contiki-sky.a(uip-ds6-route.o)
 .text.rm_routelist_callback
                0x00006da8        0x6 contiki-sky.a(uip-ds6-route.o)
 .text.uip_ds6_defrt_rm
                0x00006dae       0x48 contiki-sky.a(uip-ds6-route.o)
                0x00006dae                uip_ds6_defrt_rm
 .text.uip_ds6_defrt_lookup
                0x00006df6       0x36 contiki-sky.a(uip-ds6-route.o)
                0x00006df6                uip_ds6_defrt_lookup
 .text.uip_ds6_defrt_add
                0x00006e2c       0x74 contiki-sky.a(uip-ds6-route.o)
                0x00006e2c                uip_ds6_defrt_add
 .text.uip_ds6_defrt_choose
                0x00006ea0       0x3a contiki-sky.a(uip-ds6-route.o)
                0x00006ea0                uip_ds6_defrt_choose
 .text.uip_ds6_defrt_periodic
                0x00006eda       0x38 contiki-sky.a(uip-ds6-route.o)
                0x00006eda                uip_ds6_defrt_periodic
 .text.uip_ds6_nbr_rm
                0x00006f12       0x1a contiki-sky.a(uip-ds6-nbr.o)
                0x00006f12                uip_ds6_nbr_rm
 .text.uip_ds6_neighbors_init
                0x00006f2c        0xe contiki-sky.a(uip-ds6-nbr.o)
                0x00006f2c                uip_ds6_neighbors_init
 .text.uip_ds6_nbr_add
                0x00006f3a       0x60 contiki-sky.a(uip-ds6-nbr.o)
                0x00006f3a                uip_ds6_nbr_add
 .text.uip_ds6_nbr_get_ll
                0x00006f9a        0xc contiki-sky.a(uip-ds6-nbr.o)
                0x00006f9a                uip_ds6_nbr_get_ll
 .text.uip_ds6_nbr_lookup
                0x00006fa6       0x42 contiki-sky.a(uip-ds6-nbr.o)
                0x00006fa6                uip_ds6_nbr_lookup
 .text.uip_ds6_nbr_ll_lookup
                0x00006fe8        0xc contiki-sky.a(uip-ds6-nbr.o)
                0x00006fe8                uip_ds6_nbr_ll_lookup
 .text.uip_ds6_nbr_ipaddr_from_lladdr
                0x00006ff4        0x6 contiki-sky.a(uip-ds6-nbr.o)
                0x00006ff4                uip_ds6_nbr_ipaddr_from_lladdr
 .text.uip_ds6_nbr_lladdr_from_ipaddr
                0x00006ffa       0x12 contiki-sky.a(uip-ds6-nbr.o)
                0x00006ffa                uip_ds6_nbr_lladdr_from_ipaddr
 .text.uip_ds6_link_neighbor_callback
                0x0000700c       0x2a contiki-sky.a(uip-ds6-nbr.o)
                0x0000700c                uip_ds6_link_neighbor_callback
 .text.uip_ds6_neighbor_periodic
                0x00007036       0xfc contiki-sky.a(uip-ds6-nbr.o)
                0x00007036                uip_ds6_neighbor_periodic
 .text.uip_ds6_list_loop
                0x00007132       0x86 contiki-sky.a(uip-ds6.o)
                0x00007132                uip_ds6_list_loop
 .text.uip_ds6_prefix_add
                0x000071b8       0x80 contiki-sky.a(uip-ds6.o)
                0x000071b8                uip_ds6_prefix_add
 .text.uip_ds6_is_addr_onlink
                0x00007238       0x54 contiki-sky.a(uip-ds6.o)
                0x00007238                uip_ds6_is_addr_onlink
 .text.uip_ds6_addr_lookup
                0x0000728c       0x2a contiki-sky.a(uip-ds6.o)
                0x0000728c                uip_ds6_addr_lookup
 .text.uip_ds6_get_link_local
                0x000072b6       0x3e contiki-sky.a(uip-ds6.o)
                0x000072b6                uip_ds6_get_link_local
 .text.uip_ds6_maddr_add
                0x000072f4       0x4c contiki-sky.a(uip-ds6.o)
                0x000072f4                uip_ds6_maddr_add
 .text.uip_ds6_addr_add
                0x00007340       0xc4 contiki-sky.a(uip-ds6.o)
                0x00007340                uip_ds6_addr_add
 .text.uip_ds6_maddr_lookup
                0x00007404       0x2a contiki-sky.a(uip-ds6.o)
                0x00007404                uip_ds6_maddr_lookup
 .text.uip_ds6_addr_rm
                0x0000742e       0x54 contiki-sky.a(uip-ds6.o)
                0x0000742e                uip_ds6_addr_rm
 .text.uip_ds6_periodic
                0x00007482       0x4a contiki-sky.a(uip-ds6.o)
                0x00007482                uip_ds6_periodic
 .text.uip_ds6_set_addr_iid
                0x000074cc       0x14 contiki-sky.a(uip-ds6.o)
                0x000074cc                uip_ds6_set_addr_iid
 .text.get_match_length
                0x000074e0       0x3e contiki-sky.a(uip-ds6.o)
                0x000074e0                get_match_length
 .text.uip_ds6_select_src
                0x0000751e       0xaa contiki-sky.a(uip-ds6.o)
                0x0000751e                uip_ds6_select_src
 .text.uip_ds6_compute_reachable_time
                0x000075c8       0x3e contiki-sky.a(uip-ds6.o)
                0x000075c8                uip_ds6_compute_reachable_time
 .text.uip_ds6_init
                0x00007606      0x154 contiki-sky.a(uip-ds6.o)
                0x00007606                uip_ds6_init
 .text.create_llao
                0x0000775a       0x2c contiki-sky.a(uip-nd6.o)
 .text.uip_nd6_ns_input
                0x00007786      0x230 contiki-sky.a(uip-nd6.o)
                0x00007786                uip_nd6_ns_input
 .text.uip_nd6_ns_output
                0x000079b6      0x158 contiki-sky.a(uip-nd6.o)
                0x000079b6                uip_nd6_ns_output
 .text.uip_nd6_na_input
                0x00007b0e      0x1b6 contiki-sky.a(uip-nd6.o)
                0x00007b0e                uip_nd6_na_input
 .text.chksum   0x00007cc4       0x32 contiki-sky.a(uip6.o)
 .text.upper_layer_chksum
                0x00007cf6       0x56 contiki-sky.a(uip6.o)
 .text.ext_hdr_options_process
                0x00007d4c       0xda contiki-sky.a(uip6.o)
 .text.uip_icmp6chksum
                0x00007e26        0xa contiki-sky.a(uip6.o)
                0x00007e26                uip_icmp6chksum
 .text.uip_udpchksum
                0x00007e30        0xa contiki-sky.a(uip6.o)
                0x00007e30                uip_udpchksum
 .text.uip_init
                0x00007e3a       0x3a contiki-sky.a(uip6.o)
                0x00007e3a                uip_init
 .text.remove_ext_hdr
                0x00007e74       0x5a contiki-sky.a(uip6.o)
                0x00007e74                remove_ext_hdr
 .text.uip_udp_new
                0x00007ece       0xf4 contiki-sky.a(uip6.o)
                0x00007ece                uip_udp_new
 .text.uip_process
                0x00007fc2      0x4d8 contiki-sky.a(uip6.o)
                0x00007fc2                uip_process
 .text.uip_htonl
                0x0000849a       0x2e contiki-sky.a(uip6.o)
                0x0000849a                uip_htonl
 .text.coap_parse_int_option
                0x000084c8       0x46 contiki-sky.a(er-coap-13.o)
 .text.coap_set_option_header
                0x0000850e       0xa6 contiki-sky.a(er-coap-13.o)
 .text.coap_serialize_int_option
                0x000085b4       0xda contiki-sky.a(er-coap-13.o)
 .text.coap_get_variable
                0x0000868e       0xbe contiki-sky.a(er-coap-13.o)
 .text.coap_serialize_array_option
                0x0000874c       0xe4 contiki-sky.a(er-coap-13.o)
 .text.coap_merge_multi_option.part.1
                0x00008830       0x34 contiki-sky.a(er-coap-13.o)
 .text.coap_init_connection
                0x00008864       0x22 contiki-sky.a(er-coap-13.o)
                0x00008864                coap_init_connection
 .text.coap_get_mid
                0x00008886        0xc contiki-sky.a(er-coap-13.o)
                0x00008886                coap_get_mid
 .text.coap_init_message
                0x00008892       0x30 contiki-sky.a(er-coap-13.o)
                0x00008892                coap_init_message
 .text.coap_serialize_message
                0x000088c2      0x434 contiki-sky.a(er-coap-13.o)
                0x000088c2                coap_serialize_message
 .text.coap_send_message
                0x00008cf6       0x4a contiki-sky.a(er-coap-13.o)
                0x00008cf6                coap_send_message
 .text.coap_parse_message
                0x00008d40      0x4b4 contiki-sky.a(er-coap-13.o)
                0x00008d40                coap_parse_message
 .text.coap_get_query_variable
                0x000091f4       0x1c contiki-sky.a(er-coap-13.o)
                0x000091f4                coap_get_query_variable
 .text.coap_get_post_variable
                0x00009210       0x20 contiki-sky.a(er-coap-13.o)
                0x00009210                coap_get_post_variable
 .text.coap_set_status_code
                0x00009230       0x12 contiki-sky.a(er-coap-13.o)
                0x00009230                coap_set_status_code
 .text.coap_get_header_content_type
                0x00009242       0x14 contiki-sky.a(er-coap-13.o)
                0x00009242                coap_get_header_content_type
 .text.coap_set_header_content_type
                0x00009256        0xe contiki-sky.a(er-coap-13.o)
                0x00009256                coap_set_header_content_type
 .text.coap_get_header_accept
                0x00009264       0x1c contiki-sky.a(er-coap-13.o)
                0x00009264                coap_get_header_accept
 .text.coap_get_header_max_age
                0x00009280       0x26 contiki-sky.a(er-coap-13.o)
                0x00009280                coap_get_header_max_age
 .text.coap_set_header_max_age
                0x000092a6       0x12 contiki-sky.a(er-coap-13.o)
                0x000092a6                coap_set_header_max_age
 .text.coap_set_header_etag
                0x000092b8       0x2a contiki-sky.a(er-coap-13.o)
                0x000092b8                coap_set_header_etag
 .text.coap_get_header_if_match
                0x000092e2       0x1c contiki-sky.a(er-coap-13.o)
                0x000092e2                coap_get_header_if_match
 .text.coap_get_header_if_none_match
                0x000092fe       0x10 contiki-sky.a(er-coap-13.o)
                0x000092fe                coap_get_header_if_none_match
 .text.coap_set_header_token
                0x0000930e       0x24 contiki-sky.a(er-coap-13.o)
                0x0000930e                coap_set_header_token
 .text.coap_get_header_uri_host
                0x00009332       0x18 contiki-sky.a(er-coap-13.o)
                0x00009332                coap_get_header_uri_host
 .text.coap_get_header_uri_path
                0x0000934a       0x18 contiki-sky.a(er-coap-13.o)
                0x0000934a                coap_get_header_uri_path
 .text.coap_set_header_uri_path
                0x00009362       0x2a contiki-sky.a(er-coap-13.o)
                0x00009362                coap_set_header_uri_path
 .text.coap_get_header_uri_query
                0x0000938c       0x16 contiki-sky.a(er-coap-13.o)
                0x0000938c                coap_get_header_uri_query
 .text.coap_set_header_location_query
                0x000093a2       0x2c contiki-sky.a(er-coap-13.o)
                0x000093a2                coap_set_header_location_query
 .text.coap_set_header_location_path
                0x000093ce       0x88 contiki-sky.a(er-coap-13.o)
                0x000093ce                coap_set_header_location_path
 .text.coap_set_header_observe
                0x00009456        0xe contiki-sky.a(er-coap-13.o)
                0x00009456                coap_set_header_observe
 .text.coap_get_header_block2
                0x00009464       0x4c contiki-sky.a(er-coap-13.o)
                0x00009464                coap_get_header_block2
 .text.coap_set_header_block2
                0x000094b0       0x40 contiki-sky.a(er-coap-13.o)
                0x000094b0                coap_set_header_block2
 .text.coap_get_header_size
                0x000094f0       0x1e contiki-sky.a(er-coap-13.o)
                0x000094f0                coap_get_header_size
 .text.coap_set_header_size
                0x0000950e       0x12 contiki-sky.a(er-coap-13.o)
                0x0000950e                coap_set_header_size
 .text.coap_get_payload
                0x00009520       0x1a contiki-sky.a(er-coap-13.o)
                0x00009520                coap_get_payload
 .text.coap_set_payload
                0x0000953a       0x16 contiki-sky.a(er-coap-13.o)
                0x0000953a                coap_set_payload
 .text.coap_set_service_callback
                0x00009550        0x6 contiki-sky.a(er-coap-13-engi)
                0x00009550                coap_set_service_callback
 .text.coap_get_rest_method
                0x00009556       0x1a contiki-sky.a(er-coap-13-engi)
                0x00009556                coap_get_rest_method
 .text.process_thread_coap_receiver
                0x00009570      0x3e6 contiki-sky.a(er-coap-13-engi)
 .text.well_known_core_handler
                0x00009956      0x420 contiki-sky.a(er-coap-13-engi)
                0x00009956                well_known_core_handler
 .text.coap_receiver_init
                0x00009d76        0xc contiki-sky.a(er-coap-13-engi)
                0x00009d76                coap_receiver_init
 .text.coap_register_as_transaction_handler
                0x00009d82        0x8 contiki-sky.a(er-coap-13-tran)
                0x00009d82                coap_register_as_transaction_handler
 .text.coap_new_transaction
                0x00009d8a       0x4e contiki-sky.a(er-coap-13-tran)
                0x00009d8a                coap_new_transaction
 .text.coap_clear_transaction
                0x00009dd8       0x26 contiki-sky.a(er-coap-13-tran)
                0x00009dd8                coap_clear_transaction
 .text.coap_send_transaction
                0x00009dfe       0xc8 contiki-sky.a(er-coap-13-tran)
                0x00009dfe                coap_send_transaction
 .text.coap_get_transaction_by_mid
                0x00009ec6       0x1e contiki-sky.a(er-coap-13-tran)
                0x00009ec6                coap_get_transaction_by_mid
 .text.coap_check_transactions
                0x00009ee4       0x2e contiki-sky.a(er-coap-13-tran)
                0x00009ee4                coap_check_transactions
 .text.coap_remove_observer
                0x00009f12       0x1c contiki-sky.a(er-coap-13-obse)
                0x00009f12                coap_remove_observer
 .text.coap_remove_observer_by_client
                0x00009f2e       0x4c contiki-sky.a(er-coap-13-obse)
                0x00009f2e                coap_remove_observer_by_client
 .text.coap_remove_observer_by_url
                0x00009f7a       0x7e contiki-sky.a(er-coap-13-obse)
                0x00009f7a                coap_remove_observer_by_url
 .text.coap_add_observer
                0x00009ff8       0x80 contiki-sky.a(er-coap-13-obse)
                0x00009ff8                coap_add_observer
 .text.coap_remove_observer_by_mid
                0x0000a078       0x58 contiki-sky.a(er-coap-13-obse)
                0x0000a078                coap_remove_observer_by_mid
 .text.coap_notify_observers
                0x0000a0d0       0xc4 contiki-sky.a(er-coap-13-obse)
                0x0000a0d0                coap_notify_observers
 .text.coap_observe_handler
                0x0000a194       0x98 contiki-sky.a(er-coap-13-obse)
                0x0000a194                coap_observe_handler
 .text.process_thread_rest_manager_process
                0x0000a22c       0xc4 contiki-sky.a(erbium.o)
 .text.rest_invoke_restful_service
                0x0000a2f0      0x10e contiki-sky.a(erbium.o)
                0x0000a2f0                rest_invoke_restful_service
 .text.rest_init_engine
                0x0000a3fe       0x26 contiki-sky.a(erbium.o)
                0x0000a3fe                rest_init_engine
 .text.rest_activate_resource
                0x0000a424       0x24 contiki-sky.a(erbium.o)
                0x0000a424                rest_activate_resource
 .text.rest_get_resources
                0x0000a448        0x6 contiki-sky.a(erbium.o)
                0x0000a448                rest_get_resources
 .text.init_platform
                0x0000a44e        0xc contiki-sky.a(contiki-sky-pla)
                0x0000a44e                init_platform
 .text.status   0x0000a45a       0x18 contiki-sky.a(sht11-sensor.o)
 .text.configure
                0x0000a472       0x40 contiki-sky.a(sht11-sensor.o)
 .text.value    0x0000a4b2       0x2e contiki-sky.a(sht11-sensor.o)
 .text.status   0x0000a4e0       0x16 contiki-sky.a(button-sensor.o)
 .text.configure
                0x0000a4f6       0x52 contiki-sky.a(button-sensor.o)
 .text.value    0x0000a548       0x22 contiki-sky.a(button-sensor.o)
 .text.irq_p2   0x0000a56a       0x8a contiki-sky.a(button-sensor.o)
                0x0000a56a                irq_p2
                0x0000a56a                __isr_1
 .text.owreadb  0x0000a5f4       0x52 contiki-sky.a(ds2411.o)
 .text.ds2411_init
                0x0000a646      0x122 contiki-sky.a(ds2411.o)
                0x0000a646                ds2411_init
 .text.wait_ready
                0x0000a768       0x50 contiki-sky.a(xmem.o)
 .text.xmem_init
                0x0000a7b8       0x3e contiki-sky.a(xmem.o)
                0x0000a7b8                xmem_init
 .text.xmem_pread
                0x0000a7f6       0xea contiki-sky.a(xmem.o)
                0x0000a7f6                xmem_pread
 .text.node_id_restore
                0x0000a8e0       0x38 contiki-sky.a(node-id.o)
                0x0000a8e0                node_id_restore
 .text.process_thread_sensors_process
                0x0000a918       0xbe contiki-sky.a(sensors.o)
 .text.sensors_changed
                0x0000a9d6       0x2a contiki-sky.a(sensors.o)
                0x0000a9d6                sensors_changed
 .text.strobe   0x0000aa00       0x20 contiki-sky.a(cc2420.o)
 .text.status   0x0000aa20       0x26 contiki-sky.a(cc2420.o)
 .text.getreg   0x0000aa46       0x54 contiki-sky.a(cc2420.o)
 .text.setreg   0x0000aa9a       0x52 contiki-sky.a(cc2420.o)
 .text.set_txpower
                0x0000aaec       0x26 contiki-sky.a(cc2420.o)
 .text.cc2420_receiving_packet
                0x0000ab12        0xe contiki-sky.a(cc2420.o)
 .text.pending_packet
                0x0000ab20        0x8 contiki-sky.a(cc2420.o)
 .text.on       0x0000ab28       0x40 contiki-sky.a(cc2420.o)
 .text.flushrx  0x0000ab68       0x7a contiki-sky.a(cc2420.o)
 .text.off      0x0000abe2       0x72 contiki-sky.a(cc2420.o)
 .text.RELEASE_LOCK
                0x0000ac54       0x28 contiki-sky.a(cc2420.o)
 .text.cc2420_prepare
                0x0000ac7c       0x8a contiki-sky.a(cc2420.o)
 .text.getrxdata
                0x0000ad06       0x56 contiki-sky.a(cc2420.o)
 .text.cc2420_on
                0x0000ad5c       0x22 contiki-sky.a(cc2420.o)
                0x0000ad5c                cc2420_on
 .text.cc2420_off
                0x0000ad7e       0x30 contiki-sky.a(cc2420.o)
                0x0000ad7e                cc2420_off
 .text.cc2420_cca
                0x0000adae       0x74 contiki-sky.a(cc2420.o)
 .text.cc2420_read
                0x0000ae22       0xe6 contiki-sky.a(cc2420.o)
 .text.process_thread_cc2420_process
                0x0000af08       0x50 contiki-sky.a(cc2420.o)
 .text.cc2420_set_channel
                0x0000af58       0x78 contiki-sky.a(cc2420.o)
                0x0000af58                cc2420_set_channel
 .text.cc2420_set_pan_addr
                0x0000afd0      0x14a contiki-sky.a(cc2420.o)
                0x0000afd0                cc2420_set_pan_addr
 .text.cc2420_init
                0x0000b11a       0xd0 contiki-sky.a(cc2420.o)
                0x0000b11a                cc2420_init
 .text.cc2420_interrupt
                0x0000b1ea       0x20 contiki-sky.a(cc2420.o)
                0x0000b1ea                cc2420_interrupt
 .text.cc2420_get_txpower
                0x0000b20a       0x1e contiki-sky.a(cc2420.o)
                0x0000b20a                cc2420_get_txpower
 .text.cc2420_transmit
                0x0000b228      0x1a0 contiki-sky.a(cc2420.o)
 .text.cc2420_send
                0x0000b3c8       0x12 contiki-sky.a(cc2420.o)
 .text.cc2420_port1_interrupt
                0x0000b3da       0x62 contiki-sky.a(cc2420-arch.o)
                0x0000b3da                __isr_4
                0x0000b3da                cc2420_port1_interrupt
 .text.cc2420_arch_init
                0x0000b43c       0x1a contiki-sky.a(cc2420-arch.o)
                0x0000b43c                cc2420_arch_init
 .text.uart1_active
                0x0000b456       0x1a contiki-sky.a(uart1.o)
                0x0000b456                uart1_active
 .text.uart1_writeb
                0x0000b470       0x1a contiki-sky.a(uart1.o)
                0x0000b470                uart1_writeb
 .text.uart1_init
                0x0000b48a       0xf6 contiki-sky.a(uart1.o)
                0x0000b48a                uart1_init
 .text.putchar  0x0000b580       0x10 contiki-sky.a(uart1-putchar.o)
                0x0000b580                putchar
 .text.msp430_init_dco
                0x0000b590       0x84 contiki-sky.a(msp430.o)
                0x0000b590                msp430_init_dco
 .text.msp430_add_lpm_req
                0x0000b614        0xc contiki-sky.a(msp430.o)
                0x0000b614                msp430_add_lpm_req
 .text.msp430_cpu_init
                0x0000b620       0x2a contiki-sky.a(msp430.o)
                0x0000b620                msp430_cpu_init
 .text.splhigh_
                0x0000b64a        0x8 contiki-sky.a(msp430.o)
                0x0000b64a                splhigh_
 .text.msp430_sync_dco
                0x0000b652       0x68 contiki-sky.a(msp430.o)
                0x0000b652                msp430_sync_dco
 .text.timera1  0x0000b6ba       0xfe contiki-sky.a(clock.o)
                0x0000b6ba                __isr_5
                0x0000b6ba                timera1
 .text.clock_time
                0x0000b7b8       0x1a contiki-sky.a(clock.o)
                0x0000b7b8                clock_time
 .text.clock_init
                0x0000b7d2       0x28 contiki-sky.a(clock.o)
                0x0000b7d2                clock_init
 .text.clock_delay
                0x0000b7fa        0xc contiki-sky.a(clock.o)
                0x0000b7fa                clock_delay
 .text.clock_wait
                0x0000b806       0x34 contiki-sky.a(clock.o)
                0x0000b806                clock_wait
 .text.clock_seconds
                0x0000b83a       0x1a contiki-sky.a(clock.o)
                0x0000b83a                clock_seconds
 .text.show_leds
                0x0000b854      0x100 contiki-sky.a(leds.o)
 .text.leds_init
                0x0000b954        0xe contiki-sky.a(leds.o)
                0x0000b954                leds_init
 .text.leds_on  0x0000b962       0x14 contiki-sky.a(leds.o)
                0x0000b962                leds_on
 .text.leds_off
                0x0000b976       0x14 contiki-sky.a(leds.o)
                0x0000b976                leds_off
 .text.leds_arch_init
                0x0000b98a        0xe contiki-sky.a(leds-arch.o)
                0x0000b98a                leds_arch_init
 .text.leds_arch_set
                0x0000b998       0x3a contiki-sky.a(leds-arch.o)
                0x0000b998                leds_arch_set
 .text.watchdog_interrupt
                0x0000b9d2        0x6 contiki-sky.a(watchdog.o)
                0x0000b9d2                __isr_10
                0x0000b9d2                watchdog_interrupt
 .text.watchdog_start
                0x0000b9d8       0x14 contiki-sky.a(watchdog.o)
                0x0000b9d8                watchdog_start
 .text.watchdog_periodic
                0x0000b9ec       0x12 contiki-sky.a(watchdog.o)
                0x0000b9ec                watchdog_periodic
 .text.watchdog_stop
                0x0000b9fe       0x16 contiki-sky.a(watchdog.o)
                0x0000b9fe                watchdog_stop
 .text.watchdog_init
                0x0000ba14       0x14 contiki-sky.a(watchdog.o)
                0x0000ba14                watchdog_init
 .text.rtimer_arch_init
                0x0000ba28        0xe contiki-sky.a(rtimer-arch.o)
                0x0000ba28                rtimer_arch_init
 .text.rtimer_arch_now
                0x0000ba36        0xe contiki-sky.a(rtimer-arch.o)
                0x0000ba36                rtimer_arch_now
 .text.timera0  0x0000ba44       0x70 contiki-sky.a(rtimer-arch.o)
                0x0000ba44                __isr_6
                0x0000ba44                timera0
 .text.rtimer_arch_schedule
                0x0000bab4        0x6 contiki-sky.a(rtimer-arch.o)
                0x0000bab4                rtimer_arch_schedule
 .text.field_len
                0x0000baba       0x98 contiki-sky.a(frame802154.o)
 .text.frame802154_hdrlen
                0x0000bb52       0x2e contiki-sky.a(frame802154.o)
                0x0000bb52                frame802154_hdrlen
 .text.frame802154_create
                0x0000bb80      0x172 contiki-sky.a(frame802154.o)
                0x0000bb80                frame802154_create
 .text.frame802154_parse
                0x0000bcf2      0x1e8 contiki-sky.a(frame802154.o)
                0x0000bcf2                frame802154_parse
 .text.rpl_purge_routes
                0x0000beda       0x96 contiki-sky.a(rpl.o)
                0x0000beda                rpl_purge_routes
 .text.rpl_remove_routes
                0x0000bf70       0x22 contiki-sky.a(rpl.o)
                0x0000bf70                rpl_remove_routes
 .text.rpl_remove_routes_by_nexthop
                0x0000bf92       0x46 contiki-sky.a(rpl.o)
                0x0000bf92                rpl_remove_routes_by_nexthop
 .text.rpl_add_route
                0x0000bfd8       0x44 contiki-sky.a(rpl.o)
                0x0000bfd8                rpl_add_route
 .text.rpl_link_neighbor_callback
                0x0000c01c       0x6a contiki-sky.a(rpl.o)
                0x0000c01c                rpl_link_neighbor_callback
 .text.rpl_ipv6_neighbor_callback
                0x0000c086       0x1e contiki-sky.a(rpl.o)
                0x0000c086                rpl_ipv6_neighbor_callback
 .text.rpl_init
                0x0000c0a4       0x40 contiki-sky.a(rpl.o)
                0x0000c0a4                rpl_init
 .text.lollipop_greater_than
                0x0000c0e4       0x44 contiki-sky.a(rpl-dag.o)
 .text.acceptable_rank
                0x0000c128       0x50 contiki-sky.a(rpl-dag.o)
 .text.find_parent_any_dag_any_instance
                0x0000c178       0x14 contiki-sky.a(rpl-dag.o)
 .text.rpl_set_preferred_parent
                0x0000c18c       0x30 contiki-sky.a(rpl-dag.o)
 .text.set_ip_from_prefix
                0x0000c1bc       0x38 contiki-sky.a(rpl-dag.o)
 .text.check_prefix
                0x0000c1f4       0x80 contiki-sky.a(rpl-dag.o)
 .text.rpl_dag_init
                0x0000c274        0xe contiki-sky.a(rpl-dag.o)
                0x0000c274                rpl_dag_init
 .text.rpl_get_parent_ipaddr
                0x0000c282       0x10 contiki-sky.a(rpl-dag.o)
                0x0000c282                rpl_get_parent_ipaddr
 .text.rpl_set_prefix
                0x0000c292       0x8e contiki-sky.a(rpl-dag.o)
                0x0000c292                rpl_set_prefix
 .text.rpl_set_default_route
                0x0000c320       0x5a contiki-sky.a(rpl-dag.o)
                0x0000c320                rpl_set_default_route
 .text.rpl_alloc_instance
                0x0000c37a       0x2c contiki-sky.a(rpl-dag.o)
                0x0000c37a                rpl_alloc_instance
 .text.rpl_add_parent
                0x0000c3a6       0x3c contiki-sky.a(rpl-dag.o)
                0x0000c3a6                rpl_add_parent
 .text.rpl_find_parent
                0x0000c3e2       0x1a contiki-sky.a(rpl-dag.o)
                0x0000c3e2                rpl_find_parent
 .text.rpl_find_parent_any_dag
                0x0000c3fc       0x22 contiki-sky.a(rpl-dag.o)
                0x0000c3fc                rpl_find_parent_any_dag
 .text.rpl_select_parent
                0x0000c41e       0x5c contiki-sky.a(rpl-dag.o)
                0x0000c41e                rpl_select_parent
 .text.rpl_select_dag
                0x0000c47a      0x182 contiki-sky.a(rpl-dag.o)
                0x0000c47a                rpl_select_dag
 .text.rpl_nullify_parent
                0x0000c5fc       0x4e contiki-sky.a(rpl-dag.o)
                0x0000c5fc                rpl_nullify_parent
 .text.rpl_remove_parent
                0x0000c64a       0x16 contiki-sky.a(rpl-dag.o)
                0x0000c64a                rpl_remove_parent
 .text.remove_parents.constprop.2
                0x0000c660       0x32 contiki-sky.a(rpl-dag.o)
 .text.rpl_free_dag
                0x0000c692       0x36 contiki-sky.a(rpl-dag.o)
                0x0000c692                rpl_free_dag
 .text.rpl_free_instance
                0x0000c6c8       0x5c contiki-sky.a(rpl-dag.o)
                0x0000c6c8                rpl_free_instance
 .text.rpl_move_parent
                0x0000c724       0x6e contiki-sky.a(rpl-dag.o)
                0x0000c724                rpl_move_parent
 .text.rpl_get_any_dag
                0x0000c792       0x18 contiki-sky.a(rpl-dag.o)
                0x0000c792                rpl_get_any_dag
 .text.rpl_get_instance
                0x0000c7aa       0x1a contiki-sky.a(rpl-dag.o)
                0x0000c7aa                rpl_get_instance
 .text.get_dag  0x0000c7c4       0x56 contiki-sky.a(rpl-dag.o)
 .text.rpl_alloc_dag
                0x0000c81a       0x66 contiki-sky.a(rpl-dag.o)
                0x0000c81a                rpl_alloc_dag
 .text.rpl_repair_root
                0x0000c880       0x50 contiki-sky.a(rpl-dag.o)
                0x0000c880                rpl_repair_root
 .text.rpl_find_of
                0x0000c8d0       0x10 contiki-sky.a(rpl-dag.o)
                0x0000c8d0                rpl_find_of
 .text.rpl_join_instance
                0x0000c8e0      0x13c contiki-sky.a(rpl-dag.o)
                0x0000c8e0                rpl_join_instance
 .text.rpl_local_repair
                0x0000ca1c       0x7c contiki-sky.a(rpl-dag.o)
                0x0000ca1c                rpl_local_repair
 .text.rpl_process_parent_event
                0x0000ca98       0x4e contiki-sky.a(rpl-dag.o)
                0x0000ca98                rpl_process_parent_event
 .text.rpl_recalculate_ranks
                0x0000cae6       0x42 contiki-sky.a(rpl-dag.o)
                0x0000cae6                rpl_recalculate_ranks
 .text.rpl_add_dag
                0x0000cb28      0x112 contiki-sky.a(rpl-dag.o)
                0x0000cb28                rpl_add_dag
 .text.rpl_process_dio
                0x0000cc3a      0x26c contiki-sky.a(rpl-dag.o)
                0x0000cc3a                rpl_process_dio
 .text.get32    0x0000cea6       0x46 contiki-sky.a(rpl-icmp6.o)
 .text.set32    0x0000ceec       0x2a contiki-sky.a(rpl-icmp6.o)
 .text.get16    0x0000cf16        0xe contiki-sky.a(rpl-icmp6.o)
 .text.set16    0x0000cf24       0x10 contiki-sky.a(rpl-icmp6.o)
 .text.dis_output
                0x0000cf34       0x50 contiki-sky.a(rpl-icmp6.o)
                0x0000cf34                dis_output
 .text.dio_output
                0x0000cf84      0x264 contiki-sky.a(rpl-icmp6.o)
                0x0000cf84                dio_output
 .text.dao_output_target
                0x0000d1e8       0xe2 contiki-sky.a(rpl-icmp6.o)
                0x0000d1e8                dao_output_target
 .text.dao_output
                0x0000d2ca       0x80 contiki-sky.a(rpl-icmp6.o)
                0x0000d2ca                dao_output
 .text.dao_ack_output
                0x0000d34a       0x32 contiki-sky.a(rpl-icmp6.o)
                0x0000d34a                dao_ack_output
 .text.uip_rpl_input
                0x0000d37c      0x538 contiki-sky.a(rpl-icmp6.o)
                0x0000d37c                uip_rpl_input
 .text.new_dio_interval
                0x0000d8b4       0x92 contiki-sky.a(rpl-timers.o)
 .text.handle_periodic_timer
                0x0000d946       0x2e contiki-sky.a(rpl-timers.o)
 .text.handle_dao_timer
                0x0000d974       0x50 contiki-sky.a(rpl-timers.o)
 .text.handle_dio_timer
                0x0000d9c4       0x82 contiki-sky.a(rpl-timers.o)
 .text.rpl_reset_periodic_timer
                0x0000da46       0x60 contiki-sky.a(rpl-timers.o)
                0x0000da46                rpl_reset_periodic_timer
 .text.rpl_reset_dio_timer
                0x0000daa6       0x18 contiki-sky.a(rpl-timers.o)
                0x0000daa6                rpl_reset_dio_timer
 .text.rpl_schedule_dao
                0x0000dabe       0x50 contiki-sky.a(rpl-timers.o)
                0x0000dabe                rpl_schedule_dao
 .text.reset    0x0000db0e        0x2 contiki-sky.a(rpl-mrhof.o)
 .text.neighbor_link_callback
                0x0000db10       0x8a contiki-sky.a(rpl-mrhof.o)
 .text.calculate_rank
                0x0000db9a       0x30 contiki-sky.a(rpl-mrhof.o)
 .text.best_parent
                0x0000dbca       0x52 contiki-sky.a(rpl-mrhof.o)
 .text.update_metric_container
                0x0000dc1c        0x6 contiki-sky.a(rpl-mrhof.o)
 .text.best_dag
                0x0000dc22       0x34 contiki-sky.a(rpl-mrhof.o)
 .text.rpl_verify_header
                0x0000dc56       0xbc contiki-sky.a(rpl-ext-header.)
                0x0000dc56                rpl_verify_header
 .text.rpl_update_header_empty
                0x0000dd12       0xf0 contiki-sky.a(rpl-ext-header.)
                0x0000dd12                rpl_update_header_empty
 .text.rpl_update_header_final
                0x0000de02       0x86 contiki-sky.a(rpl-ext-header.)
                0x0000de02                rpl_update_header_final
 .text.rpl_invert_header
                0x0000de88       0x4c contiki-sky.a(rpl-ext-header.)
                0x0000de88                rpl_invert_header
 .text.rpl_insert_header
                0x0000ded4       0x1c contiki-sky.a(rpl-ext-header.)
                0x0000ded4                rpl_insert_header
 .text.stimer_set
                0x0000def0       0x1c contiki-sky.a(stimer.o)
                0x0000def0                stimer_set
 .text.stimer_restart
                0x0000df0c       0x14 contiki-sky.a(stimer.o)
                0x0000df0c                stimer_restart
 .text.stimer_expired
                0x0000df20       0x30 contiki-sky.a(stimer.o)
                0x0000df20                stimer_expired
 .text.index_from_key
                0x0000df50       0x48 contiki-sky.a(nbr-table.o)
 .text.item_from_key
                0x0000df98       0x34 contiki-sky.a(nbr-table.o)
 .text.nbr_set_bit
                0x0000dfcc       0x8e contiki-sky.a(nbr-table.o)
 .text.index_from_lladdr
                0x0000e05a       0x42 contiki-sky.a(nbr-table.o)
 .text.nbr_get_bit.constprop.0
                0x0000e09c       0x62 contiki-sky.a(nbr-table.o)
 .text.nbr_table_register
                0x0000e0fe       0x28 contiki-sky.a(nbr-table.o)
                0x0000e0fe                nbr_table_register
 .text.nbr_table_next
                0x0000e126       0x90 contiki-sky.a(nbr-table.o)
                0x0000e126                nbr_table_next
 .text.nbr_table_head
                0x0000e1b6       0x36 contiki-sky.a(nbr-table.o)
                0x0000e1b6                nbr_table_head
 .text.nbr_table_add_lladdr
                0x0000e1ec      0x144 contiki-sky.a(nbr-table.o)
                0x0000e1ec                nbr_table_add_lladdr
 .text.nbr_table_get_from_lladdr
                0x0000e330       0x48 contiki-sky.a(nbr-table.o)
                0x0000e330                nbr_table_get_from_lladdr
 .text.nbr_table_remove
                0x0000e378       0x32 contiki-sky.a(nbr-table.o)
                0x0000e378                nbr_table_remove
 .text.nbr_table_lock
                0x0000e3aa       0x10 contiki-sky.a(nbr-table.o)
                0x0000e3aa                nbr_table_lock
 .text.nbr_table_unlock
                0x0000e3ba       0x10 contiki-sky.a(nbr-table.o)
                0x0000e3ba                nbr_table_unlock
 .text.nbr_table_get_lladdr
                0x0000e3ca       0x5a contiki-sky.a(nbr-table.o)
                0x0000e3ca                nbr_table_get_lladdr
 .text.uip_icmp6_echo_request_input
                0x0000e424      0x12c contiki-sky.a(uip-icmp6.o)
                0x0000e424                uip_icmp6_echo_request_input
 .text.uip_icmp6_error_output
                0x0000e550      0x17a contiki-sky.a(uip-icmp6.o)
                0x0000e550                uip_icmp6_error_output
 .text.uip_icmp6_send
                0x0000e6ca       0x96 contiki-sky.a(uip-icmp6.o)
                0x0000e6ca                uip_icmp6_send
 .text.uip_udp_packet_send
                0x0000e760       0x2e contiki-sky.a(uip-udp-packet.)
                0x0000e760                uip_udp_packet_send
 .text.crc8_add
                0x0000e78e       0x1c contiki-sky.a(sht11.o)
 .text.sstart   0x0000e7aa       0x3e contiki-sky.a(sht11.o)
 .text.swrite   0x0000e7e8       0x52 contiki-sky.a(sht11.o)
 .text.sread    0x0000e83a       0x4e contiki-sky.a(sht11.o)
 .text.sreset   0x0000e888       0x2a contiki-sky.a(sht11.o)
 .text.scmd.part.0
                0x0000e8b2       0xb0 contiki-sky.a(sht11.o)
 .text.sht11_init
                0x0000e962       0x1a contiki-sky.a(sht11.o)
                0x0000e962                sht11_init
 .text.sht11_off
                0x0000e97c       0x14 contiki-sky.a(sht11.o)
                0x0000e97c                sht11_off
 .text.sht11_temp
                0x0000e990        0xa contiki-sky.a(sht11.o)
                0x0000e990                sht11_temp
 .text.sht11_humidity
                0x0000e99a        0xa contiki-sky.a(sht11.o)
                0x0000e99a                sht11_humidity
 .text.sht11_sreg
                0x0000e9a4       0x7a contiki-sky.a(sht11.o)
                0x0000e9a4                sht11_sreg
 .text.spi_init
                0x0000ea1e       0x32 contiki-sky.a(spi.o)
                0x0000ea1e                spi_init
 .text.libgcc   0x0000ea50       0x2c /usr/lib/gcc/msp430/4.6.3/mmpy-16/libgcc.a(_mulsi3.o)
                0x0000ea50                __mulsi3
 .text.libgcc   0x0000ea7c       0x22 /usr/lib/gcc/msp430/4.6.3/mmpy-16/libgcc.a(_udivmod16.o)
                0x0000ea7c                __udivhi3
                0x0000ea7c                __ext_udivmod16
                0x0000ea96                __umodhi3
 .text.libgcc   0x0000ea9e       0x3a /usr/lib/gcc/msp430/4.6.3/mmpy-16/libgcc.a(_divmod16.o)
                0x0000ea9e                __ext_divmod16
                0x0000ea9e                __divhi3
                0x0000ead0                __modhi3
 .text.libgcc   0x0000ead8       0x40 /usr/lib/gcc/msp430/4.6.3/mmpy-16/libgcc.a(_udivmod32.o)
                0x0000ead8                __udivsi3
                0x0000ead8                __ext_udivmod32
                0x0000eb0e                __umodsi3
 .text          0x0000eb18       0x12 /usr/lib/gcc/msp430/4.6.3/../../../../msp430/lib/mmpy-16/libc.a(strchr.o)
                0x0000eb18                strchr
 .text          0x0000eb2a       0x1c /usr/lib/gcc/msp430/4.6.3/../../../../msp430/lib/mmpy-16/libc.a(memchr.o)
                0x0000eb2a                memchr
 .text          0x0000eb46       0x1e /usr/lib/gcc/msp430/4.6.3/../../../../msp430/lib/mmpy-16/libc.a(strcmp.o)
                0x0000eb46                strcmp
 .text          0x0000eb64       0x28 /usr/lib/gcc/msp430/4.6.3/../../../../msp430/lib/mmpy-16/libc.a(strncmp.o)
                0x0000eb64                strncmp
 .text          0x0000eb8c       0x20 /usr/lib/gcc/msp430/4.6.3/../../../../msp430/lib/mmpy-16/libc.a(memcmp.o)
                0x0000eb8c                memcmp
 .text          0x0000ebac       0xfa /usr/lib/gcc/msp430/4.6.3/../../../../msp430/lib/mmpy-16/libc.a(memcpy.o)
                0x0000ebac                memcpy
 .text          0x0000eca6       0xfa /usr/lib/gcc/msp430/4.6.3/../../../../msp430/lib/mmpy-16/libc.a(memmove.o)
                0x0000eca6                memmove
 .text          0x0000eda0       0x6a /usr/lib/gcc/msp430/4.6.3/../../../../msp430/lib/mmpy-16/libc.a(memset.o)
                0x0000eda0                memset
 .text          0x0000ee0a       0x56 /usr/lib/gcc/msp430/4.6.3/../../../../msp430/lib/mmpy-16/libc.a(strstr.o)
                0x0000ee0a                strstr
 .text          0x0000ee60       0x1e /usr/lib/gcc/msp430/4.6.3/../../../../msp430/lib/mmpy-16/libc.a(printf.o)
                0x0000ee60                printf
                0x0000ee70                vprintf
 .text          0x0000ee7e       0xbc /usr/lib/gcc/msp430/4.6.3/../../../../msp430/lib/mmpy-16/libc.a(sprintf.o)
                0x0000eedc                sprintf
                0x0000eef8                snprintf
                0x0000ef12                vsprintf
                0x0000ef28                vsnprintf
 .text          0x0000ef3a      0x836 /usr/lib/gcc/msp430/4.6.3/../../../../msp430/lib/mmpy-16/libc.a(vuprintf.o)
                0x0000f0d2                vuprintf
 .text          0x0000f770       0x2c /usr/lib/gcc/msp430/4.6.3/../../../../msp430/lib/mmpy-16/libc.a(puts.o)
                0x0000f770                puts
 .text          0x0000f79c       0x54 /usr/lib/gcc/msp430/4.6.3/../../../../msp430/lib/mmpy-16/libc.a(rand.o)
                0x0000f79c                rand_r
                0x0000f7c0                rand
                0x0000f7e6                srand
 .text.libgcc   0x0000f7f0       0xf0 /usr/lib/gcc/msp430/4.6.3/mmpy-16/libgcc.a(_udivmod64.o)
                0x0000f7f0                __xabi_udivmod64
                0x0000f84e                __udivdi3
                0x0000f874                __umoddi3
                0x0000f8a2                __udivmoddi4
 .text.crt0     0x0000f8e0        0x2 /usr/lib/gcc/msp430/4.6.3/mmpy-16/libcrt0.a(_unexpected_.o)
                0x0000f8e0                _unexpected_
                0x0000f8e2                . = ALIGN (0x2)

.rodata         0x0000f8e2      0x4c4
                0x0000f8e2                . = ALIGN (0x2)
 *(.rodata .rodata.* .gnu.linkonce.r.*)
 .rodata        0x0000f8e2       0xe0 smart-thermostat-server.co
                0x0000f906                autostart_processes
 .rodata        0x0000f9c2      0x10b obj_sky/contiki-sky-main.o
 *fill*         0x0000facd        0x1 00
 .rodata        0x0000face        0x8 contiki-sky.a(rimeaddr.o)
                0x0000face                rimeaddr_null
 .rodata        0x0000fad6       0x18 contiki-sky.a(nullrdc.o)
                0x0000fade                nullrdc_driver
 .rodata        0x0000faee        0x4 contiki-sky.a(framer-802154.o)
                0x0000faee                framer_802154
 .rodata        0x0000faf2       0x14 contiki-sky.a(csma.o)
                0x0000faf8                csma_driver
 .rodata        0x0000fb06        0xc contiki-sky.a(etimer.o)
 .rodata        0x0000fb12        0xf contiki-sky.a(ctimer.o)
 *fill*         0x0000fb21        0x1 00
 .rodata        0x0000fb22       0x24 contiki-sky.a(sicslowpan.o)
                0x0000fb2e                sicslowpan_driver
                0x0000fb34                llprefix
                0x0000fb36                unc_mxconf
                0x0000fb3a                unc_ctxconf
                0x0000fb3e                unc_llconf
 .rodata        0x0000fb46        0xd contiki-sky.a(tcpip.o)
 *fill*         0x0000fb53        0x1 00
 .rodata        0x0000fb54       0xd2 contiki-sky.a(er-coap-13.o)
 .rodata        0x0000fc26      0x104 contiki-sky.a(er-coap-13-engi)
                0x0000fc78                coap_rest_implementation
 .rodata        0x0000fd2a       0x1d contiki-sky.a(er-coap-13-obse)
 .rodata        0x0000fd47        0xd contiki-sky.a(erbium.o)
 .rodata        0x0000fd54        0xe contiki-sky.a(sht11-sensor.o)
                0x0000fd5a                sht11_sensor
 .rodata        0x0000fd62       0x10 contiki-sky.a(button-sensor.o)
                0x0000fd6a                button_sensor
 .rodata        0x0000fd72        0x8 contiki-sky.a(sensors.o)
 .rodata        0x0000fd7a       0x22 contiki-sky.a(cc2420.o)
                0x0000fd7a                cc2420_driver
 .rodata        0x0000fd9c        0x2 contiki-sky.a(frame802154.o)
 .rodata        0x0000fd9e        0x7 /usr/lib/gcc/msp430/4.6.3/../../../../msp430/lib/mmpy-16/libc.a(vuprintf.o)
                0x0000fda6                . = ALIGN (0x2)
 *fill*         0x0000fda5        0x1 00
                0x0000fda6                _etext = .

.data           0x00001100      0x140 load address 0x0000fda6
                0x00001100                . = ALIGN (0x2)
                0x00001100                PROVIDE (__data_start, .)
 *(.data .data.* .gnu.linkonce.d.*)
 .data          0x00001100       0x58 smart-thermostat-server.co
                0x00001100                rest_server_example
                0x0000110a                resource_leds
                0x0000111c                periodic_resource_tempup
                0x00001132                resource_tempup
                0x00001144                resource_temperature
                0x00001156                rand_max
 .data          0x00001158       0x18 contiki-sky.a(csma.o)
 .data          0x00001170        0xa contiki-sky.a(etimer.o)
                0x00001170                etimer_process
 .data          0x0000117a        0xa contiki-sky.a(ctimer.o)
                0x0000117a                ctimer_process
 .data          0x00001184       0x18 contiki-sky.a(queuebuf.o)
 .data          0x0000119c        0xa contiki-sky.a(tcpip.o)
                0x0000119c                tcpip_process
 .data          0x000011a6       0x18 contiki-sky.a(uip-ds6-route.o)
 .data          0x000011be        0xa contiki-sky.a(uip-ds6-nbr.o)
                0x000011be                ds6_neighbors
 .data          0x000011c8        0x2 contiki-sky.a(er-coap-13.o)
                0x000011c8                coap_error_message
 .data          0x000011ca       0x1c contiki-sky.a(er-coap-13-engi)
                0x000011ca                resource_well_known_core
                0x000011dc                coap_receiver
 .data          0x000011e6        0x8 contiki-sky.a(er-coap-13-tran)
 .data          0x000011ee        0x8 contiki-sky.a(er-coap-13-obse)
 .data          0x000011f6        0xa contiki-sky.a(erbium.o)
                0x000011f6                rest_manager_process
 .data          0x00001200        0x4 contiki-sky.a(contiki-sky-pla)
                0x00001200                sensors
 .data          0x00001204        0x1 contiki-sky.a(sht11-sensor.o)
 *fill*         0x00001205        0x1 00
 .data          0x00001206        0xa contiki-sky.a(sensors.o)
                0x00001206                sensors_process
 .data          0x00001210        0xa contiki-sky.a(cc2420.o)
                0x00001210                cc2420_process
 .data          0x0000121a        0x2 contiki-sky.a(msp430.o)
 .data          0x0000121c        0x8 contiki-sky.a(rpl-dag.o)
 .data          0x00001224        0x1 contiki-sky.a(rpl-icmp6.o)
 *fill*         0x00001225        0x1 00
 .data          0x00001226        0xe contiki-sky.a(rpl-mrhof.o)
                0x00001226                rpl_mrhof
 .data          0x00001234        0x8 contiki-sky.a(nbr-table.o)
 .data          0x0000123c        0x4 /usr/lib/gcc/msp430/4.6.3/../../../../msp430/lib/mmpy-16/libc.a(rand.o)
                0x00001240                . = ALIGN (0x2)
                0x00001240                _edata = .
                0x0000fda6                PROVIDE (__data_load_start, LOADADDR (.data))
                0x00000140                PROVIDE (__data_size, SIZEOF (.data))

.bss            0x00001240     0x154e load address 0x0000fee6
                0x00001240                PROVIDE (__bss_start, .)
 *(.bss .bss.*)
 .bss           0x00001240       0x12 smart-thermostat-server.co
 .bss           0x00001252        0xc obj_sky/contiki-sky-main.o
 .bss           0x0000125e        0x2 contiki-sky.a(framer-802154.o)
 .bss           0x00001260       0x8a contiki-sky.a(csma.o)
 .bss           0x000012ea       0x42 contiki-sky.a(process.o)
                0x000012ea                process_current
                0x000012ec                process_list
 .bss           0x0000132c        0x6 contiki-sky.a(etimer.o)
 .bss           0x00001332        0x4 contiki-sky.a(ctimer.o)
 .bss           0x00001336        0x2 contiki-sky.a(rtimer.o)
 .bss           0x00001338       0xba contiki-sky.a(packetbuf.o)
 .bss           0x000013f2      0x3c6 contiki-sky.a(queuebuf.o)
 .bss           0x000017b8      0x122 contiki-sky.a(sicslowpan.o)
 .bss           0x000018da        0xe contiki-sky.a(tcpip.o)
 .bss           0x000018e8      0x19e contiki-sky.a(uip-ds6-route.o)
 .bss           0x00001a86      0x168 contiki-sky.a(uip-ds6-nbr.o)
 .bss           0x00001bee       0x18 contiki-sky.a(uip-ds6.o)
 .bss           0x00001c06        0xa contiki-sky.a(uip-nd6.o)
 .bss           0x00001c10        0xa contiki-sky.a(uip6.o)
                0x00001c10                uip_ext_opt_offset
                0x00001c12                uip_ext_len
                0x00001c14                uip_ext_bitmap
 .bss           0x00001c1a        0x6 contiki-sky.a(er-coap-13.o)
                0x00001c1a                coap_error_code
 .bss           0x00001c20       0xf8 contiki-sky.a(er-coap-13-engi)
 .bss           0x00001d18      0x2c0 contiki-sky.a(er-coap-13-tran)
 .bss           0x00001fd8       0x94 contiki-sky.a(er-coap-13-obse)
 .bss           0x0000206c        0x4 contiki-sky.a(erbium.o)
 .bss           0x00002070        0x8 contiki-sky.a(button-sensor.o)
 .bss           0x00002078        0x2 contiki-sky.a(node-id.o)
                0x00002078                node_id
 .bss           0x0000207a        0x6 contiki-sky.a(sensors.o)
 .bss           0x00002080        0xa contiki-sky.a(cc2420.o)
 .bss           0x0000208a       0x9a contiki-sky.a(uart1.o)
 .bss           0x00002124        0xa contiki-sky.a(clock.o)
 .bss           0x0000212e        0x2 contiki-sky.a(leds.o)
 .bss           0x00002130        0x2 contiki-sky.a(watchdog.o)
 .bss           0x00002132       0x64 contiki-sky.a(rpl-dag.o)
 .bss           0x00002196       0x18 contiki-sky.a(rpl-timers.o)
 .bss           0x000021ae       0x96 contiki-sky.a(nbr-table.o)
 .bss           0x00002244       0x10 contiki-sky.a(uip-icmp6.o)
 .bss           0x00002254        0x4 /usr/lib/gcc/msp430/4.6.3/../../../../msp430/lib/mmpy-16/libc.a(sprintf.o)
 *(COMMON)
 COMMON         0x00002258        0x8 contiki-sky.a(rimeaddr.o)
                0x00002258                rimeaddr_node_addr
 COMMON         0x00002260        0x1 contiki-sky.a(process.o)
                0x00002260                process_maxevents
 *fill*         0x00002261        0x1 00
 COMMON         0x00002262       0x56 contiki-sky.a(energest.o)
                0x00002262                energest_total_time
                0x00002292                energest_total_count
                0x00002294                energest_current_mode
                0x000022a0                energest_current_time
 COMMON         0x000022b8       0x50 contiki-sky.a(packetbuf.o)
                0x000022b8                packetbuf_addrs
                0x000022d8                packetbuf_attrs
 COMMON         0x00002308        0x8 contiki-sky.a(sicslowpan.o)
                0x00002308                frag_sender
 COMMON         0x00002310        0x1 contiki-sky.a(tcpip.o)
                0x00002310                tcpip_event
 *fill*         0x00002311        0x1 00
 COMMON         0x00002312      0x15c contiki-sky.a(uip-ds6.o)
                0x00002312                uip_ds6_timer_ra
                0x0000231a                uip_ds6_if
                0x00002406                uip_ds6_netif_addr_list_offset
                0x00002407                uip_ds6_addr_size
                0x00002408                uip_ds6_prefix_list
                0x00002462                uip_ds6_timer_periodic
 COMMON         0x0000246e      0x240 contiki-sky.a(uip6.o)
                0x0000246e                uip_len
                0x00002470                uip_sappdata
                0x00002472                uip_lladdr
                0x0000247a                uip_aligned_buf
                0x0000256a                uip_flags
                0x0000256c                uip_next_hdr
                0x0000256e                uip_udp_conn
                0x00002570                uip_appdata
                0x00002572                uip_conn
                0x00002574                uip_slen
                0x00002576                uip_udp_conns
 COMMON         0x000026ae        0x2 contiki-sky.a(contiki-sky-pla)
                0x000026ae                sensors_flags
 COMMON         0x000026b0        0x8 contiki-sky.a(ds2411.o)
                0x000026b0                ds2411_id
 COMMON         0x000026b8        0x1 contiki-sky.a(sensors.o)
                0x000026b8                sensors_event
 *fill*         0x000026b9        0x1 00
 COMMON         0x000026ba       0x14 contiki-sky.a(cc2420.o)
                0x000026ba                cc2420_last_rssi
                0x000026bc                cc2420_packets_read
                0x000026be                cc2420_packets_seen
                0x000026c0                cc2420_sfd_start_time
                0x000026c2                cc2420_time_of_departure
                0x000026c4                cc2420_time_of_arrival
                0x000026c6                cc2420_last_correlation
                0x000026c8                cc2420_authority_level_of_sender
                0x000026ca                cc2420_sfd_counter
                0x000026cc                cc2420_sfd_end_time
 COMMON         0x000026ce        0x2 contiki-sky.a(msp430.o)
                0x000026ce                msp430_dco_required
 COMMON         0x000026d0       0xbe contiki-sky.a(rpl-dag.o)
                0x000026d0                default_instance
                0x000026d2                instance_table
                0x0000278e                . = ALIGN (0x2)
                0x0000278e                PROVIDE (__bss_end, .)
                0x0000154e                PROVIDE (__bss_size, SIZEOF (.bss))

.noinit         0x0000278e        0x2 load address 0x0000fee6
                0x0000278e                PROVIDE (__noinit_start, .)
 *(.noinit .noinit.*)
 .noinit.crt0   0x0000278e        0x2 /usr/lib/gcc/msp430/4.6.3/mmpy-16/libcrt0.a(__watchdog_support.o)
                0x0000278e                __wdt_clear_value
                0x00002790                . = ALIGN (0x2)
                0x00002790                PROVIDE (__noinit_end, .)
                0x00002790                . = ALIGN (0x2)
                0x00002790                _end = .

.infomem        0x00001000        0x0
 *(.infomem)
                0x00001000                . = ALIGN (0x2)
 *(.infomem.*)

.infomemnobits  0x00001000        0x0
 *(.infomemnobits)
                0x00001000                . = ALIGN (0x2)
 *(.infomemnobits.*)

.infoa
 *(.infoa .infoa.*)

.infob
 *(.infob .infob.*)

.infoc
 *(.infoc .infoc.*)

.infod
 *(.infod .infod.*)

.vectors        0x0000ffe0       0x20
                0x0000ffe0                PROVIDE (__vectors_start, .)
 *(.vectors*)
 .vectors       0x0000ffe0       0x20 /usr/lib/gcc/msp430/4.6.3/mmpy-16/crt0ivtbl16.o
                0x0000ffe0                __ivtbl_16
                0x00010000                _vectors_end = .

.fartext        0x00000000        0x0
                0x00000000                . = ALIGN (0x2)
 *(.fartext)
                0x00000000                . = ALIGN (0x2)
 *(.fartext.*)
                0x00000000                _efartext = .

.profiler
 *(.profiler)

.stab
 *(.stab)

.stabstr
 *(.stabstr)

.stab.excl
 *(.stab.excl)

.stab.exclstr
 *(.stab.exclstr)

.stab.index
 *(.stab.index)

.stab.indexstr
 *(.stab.indexstr)

.comment
 *(.comment)

.debug
 *(.debug)

.line
 *(.line)

.debug_srcinfo
 *(.debug_srcinfo)

.debug_sfnames
 *(.debug_sfnames)

.debug_aranges  0x00000000      0x1f4
 *(.debug_aranges)
 .debug_aranges
                0x00000000       0x14 /usr/lib/gcc/msp430/4.6.3/mmpy-16/libgcc.a(_mulsi3.o)
 .debug_aranges
                0x00000014       0x14 /usr/lib/gcc/msp430/4.6.3/mmpy-16/libgcc.a(_udivmod16.o)
 .debug_aranges
                0x00000028       0x14 /usr/lib/gcc/msp430/4.6.3/mmpy-16/libgcc.a(_divmod16.o)
 .debug_aranges
                0x0000003c       0x14 /usr/lib/gcc/msp430/4.6.3/mmpy-16/libgcc.a(_udivmod32.o)
 .debug_aranges
                0x00000050       0x14 /usr/lib/gcc/msp430/4.6.3/../../../../msp430/lib/mmpy-16/libc.a(strchr.o)
 .debug_aranges
                0x00000064       0x14 /usr/lib/gcc/msp430/4.6.3/../../../../msp430/lib/mmpy-16/libc.a(memchr.o)
 .debug_aranges
                0x00000078       0x14 /usr/lib/gcc/msp430/4.6.3/../../../../msp430/lib/mmpy-16/libc.a(strcmp.o)
 .debug_aranges
                0x0000008c       0x14 /usr/lib/gcc/msp430/4.6.3/../../../../msp430/lib/mmpy-16/libc.a(strncmp.o)
 .debug_aranges
                0x000000a0       0x14 /usr/lib/gcc/msp430/4.6.3/../../../../msp430/lib/mmpy-16/libc.a(memcmp.o)
 .debug_aranges
                0x000000b4       0x14 /usr/lib/gcc/msp430/4.6.3/../../../../msp430/lib/mmpy-16/libc.a(memcpy.o)
 .debug_aranges
                0x000000c8       0x14 /usr/lib/gcc/msp430/4.6.3/../../../../msp430/lib/mmpy-16/libc.a(memmove.o)
 .debug_aranges
                0x000000dc       0x14 /usr/lib/gcc/msp430/4.6.3/../../../../msp430/lib/mmpy-16/libc.a(memset.o)
 .debug_aranges
                0x000000f0       0x14 /usr/lib/gcc/msp430/4.6.3/../../../../msp430/lib/mmpy-16/libc.a(strstr.o)
 .debug_aranges
                0x00000104       0x14 /usr/lib/gcc/msp430/4.6.3/../../../../msp430/lib/mmpy-16/libc.a(printf.o)
 .debug_aranges
                0x00000118       0x14 /usr/lib/gcc/msp430/4.6.3/../../../../msp430/lib/mmpy-16/libc.a(sprintf.o)
 .debug_aranges
                0x0000012c       0x14 /usr/lib/gcc/msp430/4.6.3/../../../../msp430/lib/mmpy-16/libc.a(vuprintf.o)
 .debug_aranges
                0x00000140       0x14 /usr/lib/gcc/msp430/4.6.3/../../../../msp430/lib/mmpy-16/libc.a(puts.o)
 .debug_aranges
                0x00000154       0x14 /usr/lib/gcc/msp430/4.6.3/../../../../msp430/lib/mmpy-16/libc.a(rand.o)
 .debug_aranges
                0x00000168       0x14 /usr/lib/gcc/msp430/4.6.3/mmpy-16/libgcc.a(_udivmod64.o)
 .debug_aranges
                0x0000017c       0x14 /usr/lib/gcc/msp430/4.6.3/mmpy-16/libcrt0.a(__watchdog_support.o)
 .debug_aranges
                0x00000190       0x14 /usr/lib/gcc/msp430/4.6.3/mmpy-16/libcrt0.a(__init_stack.o)
 .debug_aranges
                0x000001a4       0x14 /usr/lib/gcc/msp430/4.6.3/mmpy-16/libcrt0.a(_copy_data.o)
 .debug_aranges
                0x000001b8       0x14 /usr/lib/gcc/msp430/4.6.3/mmpy-16/libcrt0.a(_clear_bss.o)
 .debug_aranges
                0x000001cc       0x14 /usr/lib/gcc/msp430/4.6.3/mmpy-16/libcrt0.a(_endless_loop__.o)
 .debug_aranges
                0x000001e0       0x14 /usr/lib/gcc/msp430/4.6.3/mmpy-16/libcrt0.a(_unexpected_.o)

.debug_pubnames
 *(.debug_pubnames)

.debug_info     0x00000000     0x1afc
 *(.debug_info)
 .debug_info    0x00000000       0xd6 /usr/lib/gcc/msp430/4.6.3/mmpy-16/libgcc.a(_mulsi3.o)
 .debug_info    0x000000d6       0xd6 /usr/lib/gcc/msp430/4.6.3/mmpy-16/libgcc.a(_udivmod16.o)
 .debug_info    0x000001ac       0xd6 /usr/lib/gcc/msp430/4.6.3/mmpy-16/libgcc.a(_divmod16.o)
 .debug_info    0x00000282       0xd6 /usr/lib/gcc/msp430/4.6.3/mmpy-16/libgcc.a(_udivmod32.o)
 .debug_info    0x00000358       0xa7 /usr/lib/gcc/msp430/4.6.3/../../../../msp430/lib/mmpy-16/libc.a(strchr.o)
 .debug_info    0x000003ff       0xd6 /usr/lib/gcc/msp430/4.6.3/../../../../msp430/lib/mmpy-16/libc.a(memchr.o)
 .debug_info    0x000004d5       0xa4 /usr/lib/gcc/msp430/4.6.3/../../../../msp430/lib/mmpy-16/libc.a(strcmp.o)
 .debug_info    0x00000579       0xbb /usr/lib/gcc/msp430/4.6.3/../../../../msp430/lib/mmpy-16/libc.a(strncmp.o)
 .debug_info    0x00000634       0xe8 /usr/lib/gcc/msp430/4.6.3/../../../../msp430/lib/mmpy-16/libc.a(memcmp.o)
 .debug_info    0x0000071c      0x113 /usr/lib/gcc/msp430/4.6.3/../../../../msp430/lib/mmpy-16/libc.a(memcpy.o)
 .debug_info    0x0000082f      0x113 /usr/lib/gcc/msp430/4.6.3/../../../../msp430/lib/mmpy-16/libc.a(memmove.o)
 .debug_info    0x00000942       0xfe /usr/lib/gcc/msp430/4.6.3/../../../../msp430/lib/mmpy-16/libc.a(memset.o)
 .debug_info    0x00000a40       0xe0 /usr/lib/gcc/msp430/4.6.3/../../../../msp430/lib/mmpy-16/libc.a(strstr.o)
 .debug_info    0x00000b20      0x105 /usr/lib/gcc/msp430/4.6.3/../../../../msp430/lib/mmpy-16/libc.a(printf.o)
 .debug_info    0x00000c25      0x277 /usr/lib/gcc/msp430/4.6.3/../../../../msp430/lib/mmpy-16/libc.a(sprintf.o)
 .debug_info    0x00000e9c      0x565 /usr/lib/gcc/msp430/4.6.3/../../../../msp430/lib/mmpy-16/libc.a(vuprintf.o)
 .debug_info    0x00001401       0x96 /usr/lib/gcc/msp430/4.6.3/../../../../msp430/lib/mmpy-16/libc.a(puts.o)
 .debug_info    0x00001497      0x13f /usr/lib/gcc/msp430/4.6.3/../../../../msp430/lib/mmpy-16/libc.a(rand.o)
 .debug_info    0x000015d6       0xd6 /usr/lib/gcc/msp430/4.6.3/mmpy-16/libgcc.a(_udivmod64.o)
 .debug_info    0x000016ac       0xb8 /usr/lib/gcc/msp430/4.6.3/mmpy-16/libcrt0.a(__watchdog_support.o)
 .debug_info    0x00001764       0xb8 /usr/lib/gcc/msp430/4.6.3/mmpy-16/libcrt0.a(__init_stack.o)
 .debug_info    0x0000181c       0xb8 /usr/lib/gcc/msp430/4.6.3/mmpy-16/libcrt0.a(_copy_data.o)
 .debug_info    0x000018d4       0xb8 /usr/lib/gcc/msp430/4.6.3/mmpy-16/libcrt0.a(_clear_bss.o)
 .debug_info    0x0000198c       0xb8 /usr/lib/gcc/msp430/4.6.3/mmpy-16/libcrt0.a(_endless_loop__.o)
 .debug_info    0x00001a44       0xb8 /usr/lib/gcc/msp430/4.6.3/mmpy-16/libcrt0.a(_unexpected_.o)
 *(.gnu.linkonce.wi.*)

.debug_abbrev   0x00000000      0xacd
 *(.debug_abbrev)
 .debug_abbrev  0x00000000       0x14 /usr/lib/gcc/msp430/4.6.3/mmpy-16/libgcc.a(_mulsi3.o)
 .debug_abbrev  0x00000014       0x14 /usr/lib/gcc/msp430/4.6.3/mmpy-16/libgcc.a(_udivmod16.o)
 .debug_abbrev  0x00000028       0x14 /usr/lib/gcc/msp430/4.6.3/mmpy-16/libgcc.a(_divmod16.o)
 .debug_abbrev  0x0000003c       0x14 /usr/lib/gcc/msp430/4.6.3/mmpy-16/libgcc.a(_udivmod32.o)
 .debug_abbrev  0x00000050       0x6f /usr/lib/gcc/msp430/4.6.3/../../../../msp430/lib/mmpy-16/libc.a(strchr.o)
 .debug_abbrev  0x000000bf       0xa2 /usr/lib/gcc/msp430/4.6.3/../../../../msp430/lib/mmpy-16/libc.a(memchr.o)
 .debug_abbrev  0x00000161       0x60 /usr/lib/gcc/msp430/4.6.3/../../../../msp430/lib/mmpy-16/libc.a(strcmp.o)
 .debug_abbrev  0x000001c1       0x7c /usr/lib/gcc/msp430/4.6.3/../../../../msp430/lib/mmpy-16/libc.a(strncmp.o)
 .debug_abbrev  0x0000023d       0x9b /usr/lib/gcc/msp430/4.6.3/../../../../msp430/lib/mmpy-16/libc.a(memcmp.o)
 .debug_abbrev  0x000002d8       0x97 /usr/lib/gcc/msp430/4.6.3/../../../../msp430/lib/mmpy-16/libc.a(memcpy.o)
 .debug_abbrev  0x0000036f       0x97 /usr/lib/gcc/msp430/4.6.3/../../../../msp430/lib/mmpy-16/libc.a(memmove.o)
 .debug_abbrev  0x00000406       0x9c /usr/lib/gcc/msp430/4.6.3/../../../../msp430/lib/mmpy-16/libc.a(memset.o)
 .debug_abbrev  0x000004a2       0x8b /usr/lib/gcc/msp430/4.6.3/../../../../msp430/lib/mmpy-16/libc.a(strstr.o)
 .debug_abbrev  0x0000052d       0xd0 /usr/lib/gcc/msp430/4.6.3/../../../../msp430/lib/mmpy-16/libc.a(printf.o)
 .debug_abbrev  0x000005fd      0x105 /usr/lib/gcc/msp430/4.6.3/../../../../msp430/lib/mmpy-16/libc.a(sprintf.o)
 .debug_abbrev  0x00000702      0x1ef /usr/lib/gcc/msp430/4.6.3/../../../../msp430/lib/mmpy-16/libc.a(vuprintf.o)
 .debug_abbrev  0x000008f1       0x60 /usr/lib/gcc/msp430/4.6.3/../../../../msp430/lib/mmpy-16/libc.a(puts.o)
 .debug_abbrev  0x00000951       0xf0 /usr/lib/gcc/msp430/4.6.3/../../../../msp430/lib/mmpy-16/libc.a(rand.o)
 .debug_abbrev  0x00000a41       0x14 /usr/lib/gcc/msp430/4.6.3/mmpy-16/libgcc.a(_udivmod64.o)
 .debug_abbrev  0x00000a55       0x14 /usr/lib/gcc/msp430/4.6.3/mmpy-16/libcrt0.a(__watchdog_support.o)